$ /Users/jcgood/gitrepos/planars/NonCollaborative/../.venv/bin/python scripts/planarsviz_language.py arao1248_verbal --apply
Dataset arao1248_verbal
  language_name  Araona (verbal)                  from planar_tables/ccdb_arao1248_verbal.json
  groupings      ccdb                             from planar_tables/ccdb_arao1248_verbal.json
  root_position  6                                from planar_tables/ccdb_arao1248_verbal.json
  planar_type    verbal                           from planar_tables/ccdb_arao1248_verbal.json
  permutations   5000                             all four tests

== Export ==
/Users/jcgood/gitrepos/planars/.venv/bin/python scripts/analysis/export_planarsviz_data.py --domain-file domains/domains_arao1248_verbal.tsv --groupings ccdb --root-position 6 --language-name 'Araona (verbal)' --planar-type verbal --fragmentation-permutations 5000 --boundary-strength-test-permutations 5000 --span-placement-permutations 5000 --arbitrary-layers-permutations 5000
Exported planarsviz bundle: /Users/jcgood/gitrepos/planars/NonCollaborative/results/chart_data/arao1248_verbal
Export finished in 17 s.

== Render ==
Rscript scripts/render_planarsviz.R --bundle results/chart_data/arao1248_verbal --output results
wrote arao1248_verbal/pooled/arao1248_verbal_pooled_plot.pdf
wrote arao1248_verbal/pooled/arao1248_verbal_pooled_domainplot.pdf
wrote arao1248_verbal/pooled/arao1248_verbal_pooled_plot_indeterminate.pdf
wrote arao1248_verbal/pooled/arao1248_verbal_pooled_plot_indeterminate_global_layers.pdf
wrote arao1248_verbal/pooled/arao1248_verbal_pooled_plot_morphosyntactic.pdf
wrote arao1248_verbal/pooled/arao1248_verbal_pooled_plot_morphosyntactic_global_layers.pdf
wrote arao1248_verbal/pooled/arao1248_verbal_pooled_plot_phonological.pdf
wrote arao1248_verbal/pooled/arao1248_verbal_pooled_plot_phonological_global_layers.pdf
wrote arao1248_verbal/boundaries/arao1248_verbal_boundary_skyline.pdf
wrote arao1248_verbal/laminar-families/arao1248_verbal_spanchart.pdf
wrote arao1248_verbal/laminar-families/arao1248_verbal_morsyn_laminar_forest.pdf
wrote arao1248_verbal/laminar-families/arao1248_verbal_morsyn_tree_01.pdf
wrote arao1248_verbal/laminar-families/arao1248_verbal_morsyn_tree_02.pdf
wrote arao1248_verbal/laminar-families/arao1248_verbal_phon_laminar_forest.pdf
wrote arao1248_verbal/laminar-families/arao1248_verbal_phon_tree_01.pdf
wrote arao1248_verbal/laminar-families/arao1248_verbal_phon_tree_02.pdf
wrote arao1248_verbal/laminar-families/arao1248_verbal_indet_laminar_forest.pdf
wrote arao1248_verbal/laminar-families/arao1248_verbal_indet_tree_01.pdf
wrote arao1248_verbal/laminar-families/arao1248_verbal_morsyn_indet_laminar_forest.pdf
wrote arao1248_verbal/laminar-families/arao1248_verbal_morsyn_indet_tree_01.pdf
wrote arao1248_verbal/laminar-families/arao1248_verbal_morsyn_indet_tree_02.pdf
wrote arao1248_verbal/laminar-families/arao1248_verbal_laminar_overlay.pdf
wrote arao1248_verbal/laminar-families/arao1248_verbal_laminar_overlay_legend.pdf
wrote arao1248_verbal/laminar-families/arao1248_verbal_all_families_labeled.pdf
wrote arao1248_verbal/laminar-families/arao1248_verbal_all_families_labeled_legend.pdf
wrote arao1248_verbal/laminar-families/arao1248_verbal_freqtree.pdf
wrote arao1248_verbal/laminar-families/arao1248_verbal_most_binary_tree.pdf
wrote arao1248_verbal/laminar-families/arao1248_verbal_exemplary_trees_1.pdf
wrote arao1248_verbal/laminar-families/arao1248_verbal_exemplary_trees_slide_1_tree.pdf
wrote arao1248_verbal/laminar-families/arao1248_verbal_exemplary_trees_slide_1_evidence.pdf
wrote arao1248_verbal/laminar-families/arao1248_verbal_exemplary_trees_2.pdf
wrote arao1248_verbal/laminar-families/arao1248_verbal_exemplary_trees_slide_2_tree.pdf
wrote arao1248_verbal/laminar-families/arao1248_verbal_exemplary_trees_slide_2_evidence.pdf
wrote arao1248_verbal/pooled/arao1248_verbal_forestspans_plot.pdf
wrote arao1248_verbal/counts-and-chance/arao1248_verbal_tree_count_by_class.pdf
wrote arao1248_verbal/counts-and-chance/arao1248_verbal_tree_count_bundles.pdf
wrote arao1248_verbal/counts-and-chance/arao1248_verbal_tree_count_all.pdf
wrote arao1248_verbal/counts-and-chance/arao1248_verbal_tree_count_without_adjacent.pdf
wrote arao1248_verbal/counts-and-chance/arao1248_verbal_fragmentation_test_plot.pdf
wrote arao1248_verbal/counts-and-chance/arao1248_verbal_span_placement_test_by_group_plot.pdf
wrote arao1248_verbal/counts-and-chance/arao1248_verbal_arbitrary_layers_test_by_group_plot.pdf
wrote arao1248_verbal/boundaries/arao1248_verbal_boundary_strength_test_jump_all.pdf
wrote arao1248_verbal/boundaries/arao1248_verbal_boundary_strength_test_level_all.pdf
wrote arao1248_verbal/boundaries/arao1248_verbal_boundary_strength_test_jump_morphosyntactic.pdf
wrote arao1248_verbal/boundaries/arao1248_verbal_boundary_strength_test_level_morphosyntactic.pdf
wrote arao1248_verbal/boundaries/arao1248_verbal_boundary_strength_test_jump_phonological.pdf
wrote arao1248_verbal/boundaries/arao1248_verbal_boundary_strength_test_level_phonological.pdf
wrote arao1248_verbal/boundaries/arao1248_verbal_boundary_strength_test_jump_indeterminate.pdf
wrote arao1248_verbal/boundaries/arao1248_verbal_boundary_strength_test_level_indeterminate.pdf
wrote arao1248_verbal/boundaries/arao1248_verbal_boundary_strength_test_jump_morsyn_indet.pdf
wrote arao1248_verbal/boundaries/arao1248_verbal_boundary_strength_test_level_morsyn_indet.pdf
wrote arao1248_verbal/boundaries/arao1248_verbal_boundary_strength.pdf
wrote arao1248_verbal/boundaries/arao1248_verbal_boundary_strength_distributions.pdf
wrote arao1248_verbal/boundaries/arao1248_verbal_boundary_strength_overlay.pdf
54 files for 54 of 54 charts; manifest: results/arao1248_verbal_planarsviz_manifest.tsv
Render finished in 24 s.

Bundle: results/chart_data/arao1248_verbal/   Charts: results/arao1248_verbal/

[batch] exit code 0 after 42 s
