$ /Users/jcgood/gitrepos/planars/NonCollaborative/../.venv/bin/python scripts/planarsviz_language.py ayau1235_verbal --apply
Dataset ayau1235_verbal
  language_name  Ayautla Mazatec (verbal)         from planar_tables/ccdb_ayau1235_verbal.json
  groupings      ccdb                             from planar_tables/ccdb_ayau1235_verbal.json
  root_position  19                               from planar_tables/ccdb_ayau1235_verbal.json
  planar_type    verbal                           from planar_tables/ccdb_ayau1235_verbal.json
  forest_axis    planar                           from planar_tables/ccdb_ayau1235_verbal.json
  permutations   5000                             all four tests

== Export ==
/Users/jcgood/gitrepos/planars/.venv/bin/python scripts/analysis/export_planarsviz_data.py --domain-file domains/domains_ayau1235_verbal.tsv --groupings ccdb --root-position 19 --language-name 'Ayautla Mazatec (verbal)' --planar-type verbal --forest-axis planar --fragmentation-permutations 5000 --boundary-strength-test-permutations 5000 --span-placement-permutations 5000 --arbitrary-layers-permutations 5000
Exported planarsviz bundle: /Users/jcgood/gitrepos/planars/NonCollaborative/results/chart_data/ayau1235_verbal
Export finished in 42 s.

== Render ==
Rscript scripts/render_planarsviz.R --bundle results/chart_data/ayau1235_verbal --output results
quartz pooled_plot: text the standard PDF fonts can't draw
wrote ayau1235_verbal/pooled/ayau1235_verbal_pooled_plot.pdf
quartz pooled_domainplot: text the standard PDF fonts can't draw
wrote ayau1235_verbal/pooled/ayau1235_verbal_pooled_domainplot.pdf
wrote ayau1235_verbal/pooled/ayau1235_verbal_pooled_plot_indeterminate.pdf
wrote ayau1235_verbal/pooled/ayau1235_verbal_pooled_plot_indeterminate_global_layers.pdf
wrote ayau1235_verbal/pooled/ayau1235_verbal_pooled_plot_morphosyntactic.pdf
wrote ayau1235_verbal/pooled/ayau1235_verbal_pooled_plot_morphosyntactic_global_layers.pdf
quartz pooled_plot_phonological: text the standard PDF fonts can't draw
wrote ayau1235_verbal/pooled/ayau1235_verbal_pooled_plot_phonological.pdf
quartz pooled_plot_phonological_global_layers: text the standard PDF fonts can't draw
wrote ayau1235_verbal/pooled/ayau1235_verbal_pooled_plot_phonological_global_layers.pdf
wrote ayau1235_verbal/boundaries/ayau1235_verbal_boundary_skyline.pdf
wrote ayau1235_verbal/laminar-families/ayau1235_verbal_spanchart.pdf
wrote ayau1235_verbal/laminar-families/ayau1235_verbal_morsyn_laminar_forest.pdf
wrote ayau1235_verbal/laminar-families/ayau1235_verbal_morsyn_tree_01.pdf
wrote ayau1235_verbal/laminar-families/ayau1235_verbal_morsyn_tree_02.pdf
wrote ayau1235_verbal/laminar-families/ayau1235_verbal_phon_laminar_forest.pdf
wrote ayau1235_verbal/laminar-families/ayau1235_verbal_phon_tree_01.pdf
wrote ayau1235_verbal/laminar-families/ayau1235_verbal_phon_tree_02.pdf
wrote ayau1235_verbal/laminar-families/ayau1235_verbal_phon_tree_03.pdf
wrote ayau1235_verbal/laminar-families/ayau1235_verbal_phon_tree_04.pdf
wrote ayau1235_verbal/laminar-families/ayau1235_verbal_phon_tree_05.pdf
wrote ayau1235_verbal/laminar-families/ayau1235_verbal_phon_tree_06.pdf
wrote ayau1235_verbal/laminar-families/ayau1235_verbal_indet_laminar_forest.pdf
wrote ayau1235_verbal/laminar-families/ayau1235_verbal_indet_tree_01.pdf
wrote ayau1235_verbal/laminar-families/ayau1235_verbal_indet_tree_02.pdf
wrote ayau1235_verbal/laminar-families/ayau1235_verbal_morsyn_indet_laminar_forest.pdf
wrote ayau1235_verbal/laminar-families/ayau1235_verbal_morsyn_indet_tree_01.pdf
wrote ayau1235_verbal/laminar-families/ayau1235_verbal_morsyn_indet_tree_02.pdf
wrote ayau1235_verbal/laminar-families/ayau1235_verbal_morsyn_indet_tree_03.pdf
wrote ayau1235_verbal/laminar-families/ayau1235_verbal_laminar_overlay.pdf
wrote ayau1235_verbal/laminar-families/ayau1235_verbal_laminar_overlay_legend.pdf
wrote ayau1235_verbal/laminar-families/ayau1235_verbal_all_families_labeled.pdf
wrote ayau1235_verbal/laminar-families/ayau1235_verbal_all_families_labeled_legend.pdf
wrote ayau1235_verbal/laminar-families/ayau1235_verbal_freqtree.pdf
wrote ayau1235_verbal/laminar-families/ayau1235_verbal_most_binary_tree.pdf
quartz exemplary_trees_1: text the standard PDF fonts can't draw
wrote ayau1235_verbal/laminar-families/ayau1235_verbal_exemplary_trees_1.pdf
wrote ayau1235_verbal/laminar-families/ayau1235_verbal_exemplary_trees_slide_1_tree.pdf
quartz exemplary_trees_slide_1_evidence: text the standard PDF fonts can't draw
wrote ayau1235_verbal/laminar-families/ayau1235_verbal_exemplary_trees_slide_1_evidence.pdf
wrote ayau1235_verbal/laminar-families/ayau1235_verbal_exemplary_trees_2.pdf
wrote ayau1235_verbal/laminar-families/ayau1235_verbal_exemplary_trees_slide_2_tree.pdf
wrote ayau1235_verbal/laminar-families/ayau1235_verbal_exemplary_trees_slide_2_evidence.pdf
wrote ayau1235_verbal/laminar-families/ayau1235_verbal_exemplary_trees_3.pdf
wrote ayau1235_verbal/laminar-families/ayau1235_verbal_exemplary_trees_slide_3_tree.pdf
wrote ayau1235_verbal/laminar-families/ayau1235_verbal_exemplary_trees_slide_3_evidence.pdf
wrote ayau1235_verbal/laminar-families/ayau1235_verbal_exemplary_trees_4.pdf
wrote ayau1235_verbal/laminar-families/ayau1235_verbal_exemplary_trees_slide_4_tree.pdf
wrote ayau1235_verbal/laminar-families/ayau1235_verbal_exemplary_trees_slide_4_evidence.pdf
quartz exemplary_trees_5: text the standard PDF fonts can't draw
wrote ayau1235_verbal/laminar-families/ayau1235_verbal_exemplary_trees_5.pdf
wrote ayau1235_verbal/laminar-families/ayau1235_verbal_exemplary_trees_slide_5_tree.pdf
quartz exemplary_trees_slide_5_evidence: text the standard PDF fonts can't draw
wrote ayau1235_verbal/laminar-families/ayau1235_verbal_exemplary_trees_slide_5_evidence.pdf
wrote ayau1235_verbal/laminar-families/ayau1235_verbal_exemplary_trees_6.pdf
wrote ayau1235_verbal/laminar-families/ayau1235_verbal_exemplary_trees_slide_6_tree.pdf
wrote ayau1235_verbal/laminar-families/ayau1235_verbal_exemplary_trees_slide_6_evidence.pdf
wrote ayau1235_verbal/laminar-families/ayau1235_verbal_exemplary_trees_7.pdf
wrote ayau1235_verbal/laminar-families/ayau1235_verbal_exemplary_trees_slide_7_tree.pdf
wrote ayau1235_verbal/laminar-families/ayau1235_verbal_exemplary_trees_slide_7_evidence.pdf
wrote ayau1235_verbal/pooled/ayau1235_verbal_forestspans_plot.pdf
wrote ayau1235_verbal/counts-and-chance/ayau1235_verbal_tree_count_by_class.pdf
wrote ayau1235_verbal/counts-and-chance/ayau1235_verbal_tree_count_bundles.pdf
wrote ayau1235_verbal/counts-and-chance/ayau1235_verbal_tree_count_all.pdf
wrote ayau1235_verbal/counts-and-chance/ayau1235_verbal_tree_count_without_adjacent.pdf
wrote ayau1235_verbal/counts-and-chance/ayau1235_verbal_fragmentation_test_plot.pdf
wrote ayau1235_verbal/counts-and-chance/ayau1235_verbal_span_placement_test_by_group_plot.pdf
wrote ayau1235_verbal/counts-and-chance/ayau1235_verbal_arbitrary_layers_test_by_group_plot.pdf
wrote ayau1235_verbal/boundaries/ayau1235_verbal_boundary_strength_test_jump_all.pdf
wrote ayau1235_verbal/boundaries/ayau1235_verbal_boundary_strength_test_level_all.pdf
wrote ayau1235_verbal/boundaries/ayau1235_verbal_boundary_strength_test_jump_morphosyntactic.pdf
wrote ayau1235_verbal/boundaries/ayau1235_verbal_boundary_strength_test_level_morphosyntactic.pdf
wrote ayau1235_verbal/boundaries/ayau1235_verbal_boundary_strength_test_jump_phonological.pdf
wrote ayau1235_verbal/boundaries/ayau1235_verbal_boundary_strength_test_level_phonological.pdf
wrote ayau1235_verbal/boundaries/ayau1235_verbal_boundary_strength_test_jump_indeterminate.pdf
wrote ayau1235_verbal/boundaries/ayau1235_verbal_boundary_strength_test_level_indeterminate.pdf
wrote ayau1235_verbal/boundaries/ayau1235_verbal_boundary_strength_test_jump_morsyn_indet.pdf
wrote ayau1235_verbal/boundaries/ayau1235_verbal_boundary_strength_test_level_morsyn_indet.pdf
wrote ayau1235_verbal/boundaries/ayau1235_verbal_boundary_strength.pdf
wrote ayau1235_verbal/boundaries/ayau1235_verbal_boundary_strength_distributions.pdf
wrote ayau1235_verbal/boundaries/ayau1235_verbal_boundary_strength_overlay.pdf
75 files for 75 of 75 charts; manifest: results/ayau1235_verbal/ayau1235_verbal_planarsviz_manifest.tsv
Render finished in 35 s.

Bundle: results/chart_data/ayau1235_verbal/   Charts: results/ayau1235_verbal/

[batch] exit code 0 after 77 s
