$ /Users/jcgood/gitrepos/planars/NonCollaborative/../.venv/bin/python scripts/planarsviz_language.py cent2127_verbal --apply
Dataset cent2127_verbal
  language_name  Central Alaskan Yupik (verbal)   from planar_tables/ccdb_cent2127_verbal.json
  groupings      ccdb                             from planar_tables/ccdb_cent2127_verbal.json
  root_position  2                                from planar_tables/ccdb_cent2127_verbal.json
  planar_type    verbal                           from planar_tables/ccdb_cent2127_verbal.json
  forest_axis    planar                           from planar_tables/ccdb_cent2127_verbal.json
  permutations   5000                             all four tests

== Export ==
/Users/jcgood/gitrepos/planars/.venv/bin/python scripts/analysis/export_planarsviz_data.py --domain-file domains/domains_cent2127_verbal.tsv --groupings ccdb --root-position 2 --language-name 'Central Alaskan Yupik (verbal)' --planar-type verbal --forest-axis planar --fragmentation-permutations 5000 --boundary-strength-test-permutations 5000 --span-placement-permutations 5000 --arbitrary-layers-permutations 5000
Exported planarsviz bundle: /Users/jcgood/gitrepos/planars/NonCollaborative/results/chart_data/cent2127_verbal
Export finished in 19 s.

== Render ==
Rscript scripts/render_planarsviz.R --bundle results/chart_data/cent2127_verbal --output results
wrote cent2127_verbal/pooled/cent2127_verbal_pooled_plot.pdf
wrote cent2127_verbal/pooled/cent2127_verbal_pooled_domainplot.pdf
wrote cent2127_verbal/pooled/cent2127_verbal_pooled_plot_indeterminate.pdf
wrote cent2127_verbal/pooled/cent2127_verbal_pooled_plot_indeterminate_global_layers.pdf
wrote cent2127_verbal/pooled/cent2127_verbal_pooled_plot_morphosyntactic.pdf
wrote cent2127_verbal/pooled/cent2127_verbal_pooled_plot_morphosyntactic_global_layers.pdf
wrote cent2127_verbal/pooled/cent2127_verbal_pooled_plot_phonological.pdf
wrote cent2127_verbal/pooled/cent2127_verbal_pooled_plot_phonological_global_layers.pdf
wrote cent2127_verbal/boundaries/cent2127_verbal_boundary_skyline.pdf
wrote cent2127_verbal/laminar-families/cent2127_verbal_spanchart.pdf
wrote cent2127_verbal/laminar-families/cent2127_verbal_morsyn_laminar_forest.pdf
wrote cent2127_verbal/laminar-families/cent2127_verbal_morsyn_tree_01.pdf
wrote cent2127_verbal/laminar-families/cent2127_verbal_morsyn_tree_02.pdf
wrote cent2127_verbal/laminar-families/cent2127_verbal_phon_laminar_forest.pdf
wrote cent2127_verbal/laminar-families/cent2127_verbal_phon_tree_01.pdf
wrote cent2127_verbal/laminar-families/cent2127_verbal_indet_laminar_forest.pdf
wrote cent2127_verbal/laminar-families/cent2127_verbal_indet_tree_01.pdf
wrote cent2127_verbal/laminar-families/cent2127_verbal_indet_tree_02.pdf
wrote cent2127_verbal/laminar-families/cent2127_verbal_morsyn_indet_laminar_forest.pdf
wrote cent2127_verbal/laminar-families/cent2127_verbal_morsyn_indet_tree_01.pdf
wrote cent2127_verbal/laminar-families/cent2127_verbal_morsyn_indet_tree_02.pdf
wrote cent2127_verbal/laminar-families/cent2127_verbal_morsyn_indet_tree_03.pdf
wrote cent2127_verbal/laminar-families/cent2127_verbal_laminar_overlay.pdf
wrote cent2127_verbal/laminar-families/cent2127_verbal_laminar_overlay_legend.pdf
wrote cent2127_verbal/laminar-families/cent2127_verbal_all_families_labeled.pdf
wrote cent2127_verbal/laminar-families/cent2127_verbal_all_families_labeled_legend.pdf
wrote cent2127_verbal/laminar-families/cent2127_verbal_freqtree.pdf
wrote cent2127_verbal/laminar-families/cent2127_verbal_most_binary_tree.pdf
wrote cent2127_verbal/laminar-families/cent2127_verbal_exemplary_trees_1.pdf
wrote cent2127_verbal/laminar-families/cent2127_verbal_exemplary_trees_slide_1_tree.pdf
wrote cent2127_verbal/laminar-families/cent2127_verbal_exemplary_trees_slide_1_evidence.pdf
wrote cent2127_verbal/laminar-families/cent2127_verbal_exemplary_trees_2.pdf
wrote cent2127_verbal/laminar-families/cent2127_verbal_exemplary_trees_slide_2_tree.pdf
wrote cent2127_verbal/laminar-families/cent2127_verbal_exemplary_trees_slide_2_evidence.pdf
wrote cent2127_verbal/laminar-families/cent2127_verbal_exemplary_trees_3.pdf
wrote cent2127_verbal/laminar-families/cent2127_verbal_exemplary_trees_slide_3_tree.pdf
wrote cent2127_verbal/laminar-families/cent2127_verbal_exemplary_trees_slide_3_evidence.pdf
wrote cent2127_verbal/pooled/cent2127_verbal_forestspans_plot.pdf
wrote cent2127_verbal/counts-and-chance/cent2127_verbal_tree_count_by_class.pdf
wrote cent2127_verbal/counts-and-chance/cent2127_verbal_tree_count_bundles.pdf
wrote cent2127_verbal/counts-and-chance/cent2127_verbal_tree_count_all.pdf
wrote cent2127_verbal/counts-and-chance/cent2127_verbal_tree_count_without_adjacent.pdf
wrote cent2127_verbal/counts-and-chance/cent2127_verbal_fragmentation_test_plot.pdf
wrote cent2127_verbal/counts-and-chance/cent2127_verbal_span_placement_test_by_group_plot.pdf
wrote cent2127_verbal/counts-and-chance/cent2127_verbal_arbitrary_layers_test_by_group_plot.pdf
wrote cent2127_verbal/boundaries/cent2127_verbal_boundary_strength_test_jump_all.pdf
wrote cent2127_verbal/boundaries/cent2127_verbal_boundary_strength_test_level_all.pdf
wrote cent2127_verbal/boundaries/cent2127_verbal_boundary_strength_test_jump_morphosyntactic.pdf
wrote cent2127_verbal/boundaries/cent2127_verbal_boundary_strength_test_level_morphosyntactic.pdf
wrote cent2127_verbal/boundaries/cent2127_verbal_boundary_strength_test_jump_phonological.pdf
wrote cent2127_verbal/boundaries/cent2127_verbal_boundary_strength_test_level_phonological.pdf
wrote cent2127_verbal/boundaries/cent2127_verbal_boundary_strength_test_jump_indeterminate.pdf
wrote cent2127_verbal/boundaries/cent2127_verbal_boundary_strength_test_level_indeterminate.pdf
wrote cent2127_verbal/boundaries/cent2127_verbal_boundary_strength_test_jump_morsyn_indet.pdf
wrote cent2127_verbal/boundaries/cent2127_verbal_boundary_strength_test_level_morsyn_indet.pdf
wrote cent2127_verbal/boundaries/cent2127_verbal_boundary_strength.pdf
wrote cent2127_verbal/boundaries/cent2127_verbal_boundary_strength_distributions.pdf
wrote cent2127_verbal/boundaries/cent2127_verbal_boundary_strength_overlay.pdf
58 files for 58 of 58 charts; manifest: results/cent2127_verbal_planarsviz_manifest.tsv
Render finished in 26 s.

Bundle: results/chart_data/cent2127_verbal/   Charts: results/cent2127_verbal/

[batch] exit code 0 after 45 s
