$ /Users/jcgood/gitrepos/planars/NonCollaborative/../.venv/bin/python scripts/planarsviz_language.py chac1251_nominal --apply
Dataset chac1251_nominal
  language_name  Chácobo (nominal)                from planar_tables/ccdb_chac1251_nominal.json
  groupings      ccdb                             from planar_tables/ccdb_chac1251_nominal.json
  root_position  4                                from planar_tables/ccdb_chac1251_nominal.json
  planar_type    nominal                          from planar_tables/ccdb_chac1251_nominal.json
  forest_axis    planar                           from planar_tables/ccdb_chac1251_nominal.json
  permutations   5000                             all four tests

== Export ==
/Users/jcgood/gitrepos/planars/.venv/bin/python scripts/analysis/export_planarsviz_data.py --domain-file domains/domains_chac1251_nominal.tsv --groupings ccdb --root-position 4 --language-name 'Chácobo (nominal)' --planar-type nominal --forest-axis planar --fragmentation-permutations 5000 --boundary-strength-test-permutations 5000 --span-placement-permutations 5000 --arbitrary-layers-permutations 5000
Exported planarsviz bundle: /Users/jcgood/gitrepos/planars/NonCollaborative/results/chart_data/chac1251_nominal
Export finished in 22 s.

== Render ==
Rscript scripts/render_planarsviz.R --bundle results/chart_data/chac1251_nominal --output results
wrote chac1251_nominal/pooled/chac1251_nominal_pooled_plot.pdf
wrote chac1251_nominal/pooled/chac1251_nominal_pooled_domainplot.pdf
wrote chac1251_nominal/pooled/chac1251_nominal_pooled_plot_indeterminate.pdf
wrote chac1251_nominal/pooled/chac1251_nominal_pooled_plot_indeterminate_global_layers.pdf
wrote chac1251_nominal/pooled/chac1251_nominal_pooled_plot_morphosyntactic.pdf
wrote chac1251_nominal/pooled/chac1251_nominal_pooled_plot_morphosyntactic_global_layers.pdf
wrote chac1251_nominal/pooled/chac1251_nominal_pooled_plot_phonological.pdf
wrote chac1251_nominal/pooled/chac1251_nominal_pooled_plot_phonological_global_layers.pdf
wrote chac1251_nominal/boundaries/chac1251_nominal_boundary_skyline.pdf
wrote chac1251_nominal/laminar-families/chac1251_nominal_spanchart.pdf
wrote chac1251_nominal/laminar-families/chac1251_nominal_morsyn_laminar_forest.pdf
wrote chac1251_nominal/laminar-families/chac1251_nominal_morsyn_tree_01.pdf
wrote chac1251_nominal/laminar-families/chac1251_nominal_morsyn_tree_02.pdf
wrote chac1251_nominal/laminar-families/chac1251_nominal_phon_laminar_forest.pdf
wrote chac1251_nominal/laminar-families/chac1251_nominal_phon_tree_01.pdf
wrote chac1251_nominal/laminar-families/chac1251_nominal_phon_tree_02.pdf
wrote chac1251_nominal/laminar-families/chac1251_nominal_indet_laminar_forest.pdf
wrote chac1251_nominal/laminar-families/chac1251_nominal_indet_tree_01.pdf
wrote chac1251_nominal/laminar-families/chac1251_nominal_morsyn_indet_laminar_forest.pdf
wrote chac1251_nominal/laminar-families/chac1251_nominal_morsyn_indet_tree_01.pdf
wrote chac1251_nominal/laminar-families/chac1251_nominal_morsyn_indet_tree_02.pdf
wrote chac1251_nominal/laminar-families/chac1251_nominal_morsyn_indet_tree_03.pdf
wrote chac1251_nominal/laminar-families/chac1251_nominal_laminar_overlay.pdf
wrote chac1251_nominal/laminar-families/chac1251_nominal_laminar_overlay_legend.pdf
wrote chac1251_nominal/laminar-families/chac1251_nominal_all_families_labeled.pdf
wrote chac1251_nominal/laminar-families/chac1251_nominal_all_families_labeled_legend.pdf
wrote chac1251_nominal/laminar-families/chac1251_nominal_freqtree.pdf
wrote chac1251_nominal/laminar-families/chac1251_nominal_most_binary_tree.pdf
wrote chac1251_nominal/laminar-families/chac1251_nominal_exemplary_trees_1.pdf
wrote chac1251_nominal/laminar-families/chac1251_nominal_exemplary_trees_slide_1_tree.pdf
wrote chac1251_nominal/laminar-families/chac1251_nominal_exemplary_trees_slide_1_evidence.pdf
wrote chac1251_nominal/laminar-families/chac1251_nominal_exemplary_trees_2.pdf
wrote chac1251_nominal/laminar-families/chac1251_nominal_exemplary_trees_slide_2_tree.pdf
wrote chac1251_nominal/laminar-families/chac1251_nominal_exemplary_trees_slide_2_evidence.pdf
wrote chac1251_nominal/laminar-families/chac1251_nominal_exemplary_trees_3.pdf
wrote chac1251_nominal/laminar-families/chac1251_nominal_exemplary_trees_slide_3_tree.pdf
wrote chac1251_nominal/laminar-families/chac1251_nominal_exemplary_trees_slide_3_evidence.pdf
wrote chac1251_nominal/laminar-families/chac1251_nominal_exemplary_trees_4.pdf
wrote chac1251_nominal/laminar-families/chac1251_nominal_exemplary_trees_slide_4_tree.pdf
wrote chac1251_nominal/laminar-families/chac1251_nominal_exemplary_trees_slide_4_evidence.pdf
wrote chac1251_nominal/pooled/chac1251_nominal_forestspans_plot.pdf
wrote chac1251_nominal/counts-and-chance/chac1251_nominal_tree_count_by_class.pdf
wrote chac1251_nominal/counts-and-chance/chac1251_nominal_tree_count_bundles.pdf
wrote chac1251_nominal/counts-and-chance/chac1251_nominal_tree_count_all.pdf
wrote chac1251_nominal/counts-and-chance/chac1251_nominal_tree_count_without_adjacent.pdf
wrote chac1251_nominal/counts-and-chance/chac1251_nominal_fragmentation_test_plot.pdf
wrote chac1251_nominal/counts-and-chance/chac1251_nominal_span_placement_test_by_group_plot.pdf
wrote chac1251_nominal/counts-and-chance/chac1251_nominal_arbitrary_layers_test_by_group_plot.pdf
wrote chac1251_nominal/boundaries/chac1251_nominal_boundary_strength_test_jump_all.pdf
wrote chac1251_nominal/boundaries/chac1251_nominal_boundary_strength_test_level_all.pdf
wrote chac1251_nominal/boundaries/chac1251_nominal_boundary_strength_test_jump_morphosyntactic.pdf
wrote chac1251_nominal/boundaries/chac1251_nominal_boundary_strength_test_level_morphosyntactic.pdf
wrote chac1251_nominal/boundaries/chac1251_nominal_boundary_strength_test_jump_phonological.pdf
wrote chac1251_nominal/boundaries/chac1251_nominal_boundary_strength_test_level_phonological.pdf
wrote chac1251_nominal/boundaries/chac1251_nominal_boundary_strength_test_jump_indeterminate.pdf
wrote chac1251_nominal/boundaries/chac1251_nominal_boundary_strength_test_level_indeterminate.pdf
wrote chac1251_nominal/boundaries/chac1251_nominal_boundary_strength_test_jump_morsyn_indet.pdf
wrote chac1251_nominal/boundaries/chac1251_nominal_boundary_strength_test_level_morsyn_indet.pdf
wrote chac1251_nominal/boundaries/chac1251_nominal_boundary_strength.pdf
wrote chac1251_nominal/boundaries/chac1251_nominal_boundary_strength_distributions.pdf
wrote chac1251_nominal/boundaries/chac1251_nominal_boundary_strength_overlay.pdf
61 files for 61 of 61 charts; manifest: results/chac1251_nominal_planarsviz_manifest.tsv
Render finished in 26 s.

Bundle: results/chart_data/chac1251_nominal/   Charts: results/chac1251_nominal/

[batch] exit code 0 after 49 s
