$ /Users/jcgood/gitrepos/planars/NonCollaborative/../.venv/bin/python scripts/planarsviz_language.py chac1251_verbal --apply
Dataset chac1251_verbal
  language_name  Chácobo (verbal)                 from planar_tables/ccdb_chac1251_verbal.json
  groupings      ccdb                             from planar_tables/ccdb_chac1251_verbal.json
  root_position  8                                from planar_tables/ccdb_chac1251_verbal.json
  planar_type    verbal                           from planar_tables/ccdb_chac1251_verbal.json
  forest_axis    planar                           from planar_tables/ccdb_chac1251_verbal.json
  permutations   5000                             all four tests

== Export ==
/Users/jcgood/gitrepos/planars/.venv/bin/python scripts/analysis/export_planarsviz_data.py --domain-file domains/domains_chac1251_verbal.tsv --groupings ccdb --root-position 8 --language-name 'Chácobo (verbal)' --planar-type verbal --forest-axis planar --fragmentation-permutations 5000 --boundary-strength-test-permutations 5000 --span-placement-permutations 5000 --arbitrary-layers-permutations 5000
Exported planarsviz bundle: /Users/jcgood/gitrepos/planars/NonCollaborative/results/chart_data/chac1251_verbal
Export finished in 173 s.

== Render ==
Rscript scripts/render_planarsviz.R --bundle results/chart_data/chac1251_verbal --output results
wrote chac1251_verbal/pooled/chac1251_verbal_pooled_plot.pdf
wrote chac1251_verbal/pooled/chac1251_verbal_pooled_domainplot.pdf
wrote chac1251_verbal/pooled/chac1251_verbal_pooled_plot_indeterminate.pdf
wrote chac1251_verbal/pooled/chac1251_verbal_pooled_plot_indeterminate_global_layers.pdf
wrote chac1251_verbal/pooled/chac1251_verbal_pooled_plot_morphosyntactic.pdf
wrote chac1251_verbal/pooled/chac1251_verbal_pooled_plot_morphosyntactic_global_layers.pdf
wrote chac1251_verbal/pooled/chac1251_verbal_pooled_plot_phonological.pdf
wrote chac1251_verbal/pooled/chac1251_verbal_pooled_plot_phonological_global_layers.pdf
wrote chac1251_verbal/boundaries/chac1251_verbal_boundary_skyline.pdf
wrote chac1251_verbal/laminar-families/chac1251_verbal_spanchart.pdf
wrote chac1251_verbal/laminar-families/chac1251_verbal_morsyn_laminar_forest.pdf
wrote chac1251_verbal/laminar-families/chac1251_verbal_morsyn_tree_01.pdf
wrote chac1251_verbal/laminar-families/chac1251_verbal_morsyn_tree_02.pdf
wrote chac1251_verbal/laminar-families/chac1251_verbal_morsyn_tree_03.pdf
wrote chac1251_verbal/laminar-families/chac1251_verbal_morsyn_tree_04.pdf
wrote chac1251_verbal/laminar-families/chac1251_verbal_morsyn_tree_05.pdf
wrote chac1251_verbal/laminar-families/chac1251_verbal_morsyn_tree_06.pdf
wrote chac1251_verbal/laminar-families/chac1251_verbal_morsyn_tree_07.pdf
wrote chac1251_verbal/laminar-families/chac1251_verbal_morsyn_tree_08.pdf
wrote chac1251_verbal/laminar-families/chac1251_verbal_phon_laminar_forest.pdf
wrote chac1251_verbal/laminar-families/chac1251_verbal_phon_tree_01.pdf
wrote chac1251_verbal/laminar-families/chac1251_verbal_phon_tree_02.pdf
wrote chac1251_verbal/laminar-families/chac1251_verbal_phon_tree_03.pdf
wrote chac1251_verbal/laminar-families/chac1251_verbal_phon_tree_04.pdf
wrote chac1251_verbal/laminar-families/chac1251_verbal_phon_tree_05.pdf
wrote chac1251_verbal/laminar-families/chac1251_verbal_phon_tree_06.pdf
wrote chac1251_verbal/laminar-families/chac1251_verbal_phon_tree_07.pdf
wrote chac1251_verbal/laminar-families/chac1251_verbal_phon_tree_08.pdf
wrote chac1251_verbal/laminar-families/chac1251_verbal_phon_tree_09.pdf
wrote chac1251_verbal/laminar-families/chac1251_verbal_indet_laminar_forest.pdf
wrote chac1251_verbal/laminar-families/chac1251_verbal_indet_tree_01.pdf
wrote chac1251_verbal/laminar-families/chac1251_verbal_indet_tree_02.pdf
wrote chac1251_verbal/laminar-families/chac1251_verbal_indet_tree_03.pdf
wrote chac1251_verbal/laminar-families/chac1251_verbal_indet_tree_04.pdf
wrote chac1251_verbal/laminar-families/chac1251_verbal_morsyn_indet_laminar_forest.pdf
wrote chac1251_verbal/laminar-families/chac1251_verbal_morsyn_indet_tree_01.pdf
wrote chac1251_verbal/laminar-families/chac1251_verbal_morsyn_indet_tree_02.pdf
wrote chac1251_verbal/laminar-families/chac1251_verbal_morsyn_indet_tree_03.pdf
wrote chac1251_verbal/laminar-families/chac1251_verbal_morsyn_indet_tree_04.pdf
wrote chac1251_verbal/laminar-families/chac1251_verbal_morsyn_indet_tree_05.pdf
wrote chac1251_verbal/laminar-families/chac1251_verbal_morsyn_indet_tree_06.pdf
wrote chac1251_verbal/laminar-families/chac1251_verbal_morsyn_indet_tree_07.pdf
wrote chac1251_verbal/laminar-families/chac1251_verbal_morsyn_indet_tree_08.pdf
wrote chac1251_verbal/laminar-families/chac1251_verbal_laminar_overlay.pdf
wrote chac1251_verbal/laminar-families/chac1251_verbal_laminar_overlay_legend.pdf
wrote chac1251_verbal/laminar-families/chac1251_verbal_all_families_labeled.pdf
wrote chac1251_verbal/laminar-families/chac1251_verbal_all_families_labeled_legend.pdf
wrote chac1251_verbal/laminar-families/chac1251_verbal_freqtree.pdf
wrote chac1251_verbal/laminar-families/chac1251_verbal_most_binary_tree.pdf
wrote chac1251_verbal/laminar-families/chac1251_verbal_exemplary_trees_1.pdf
wrote chac1251_verbal/laminar-families/chac1251_verbal_exemplary_trees_slide_1_tree.pdf
wrote chac1251_verbal/laminar-families/chac1251_verbal_exemplary_trees_slide_1_evidence.pdf
wrote chac1251_verbal/laminar-families/chac1251_verbal_exemplary_trees_2.pdf
wrote chac1251_verbal/laminar-families/chac1251_verbal_exemplary_trees_slide_2_tree.pdf
wrote chac1251_verbal/laminar-families/chac1251_verbal_exemplary_trees_slide_2_evidence.pdf
wrote chac1251_verbal/laminar-families/chac1251_verbal_exemplary_trees_3.pdf
wrote chac1251_verbal/laminar-families/chac1251_verbal_exemplary_trees_slide_3_tree.pdf
wrote chac1251_verbal/laminar-families/chac1251_verbal_exemplary_trees_slide_3_evidence.pdf
wrote chac1251_verbal/laminar-families/chac1251_verbal_exemplary_trees_4.pdf
wrote chac1251_verbal/laminar-families/chac1251_verbal_exemplary_trees_slide_4_tree.pdf
wrote chac1251_verbal/laminar-families/chac1251_verbal_exemplary_trees_slide_4_evidence.pdf
wrote chac1251_verbal/laminar-families/chac1251_verbal_exemplary_trees_5.pdf
wrote chac1251_verbal/laminar-families/chac1251_verbal_exemplary_trees_slide_5_tree.pdf
wrote chac1251_verbal/laminar-families/chac1251_verbal_exemplary_trees_slide_5_evidence.pdf
wrote chac1251_verbal/laminar-families/chac1251_verbal_exemplary_trees_6.pdf
wrote chac1251_verbal/laminar-families/chac1251_verbal_exemplary_trees_slide_6_tree.pdf
wrote chac1251_verbal/laminar-families/chac1251_verbal_exemplary_trees_slide_6_evidence.pdf
wrote chac1251_verbal/laminar-families/chac1251_verbal_exemplary_trees_7.pdf
wrote chac1251_verbal/laminar-families/chac1251_verbal_exemplary_trees_slide_7_tree.pdf
wrote chac1251_verbal/laminar-families/chac1251_verbal_exemplary_trees_slide_7_evidence.pdf
wrote chac1251_verbal/pooled/chac1251_verbal_forestspans_plot.pdf
wrote chac1251_verbal/counts-and-chance/chac1251_verbal_tree_count_by_class.pdf
wrote chac1251_verbal/counts-and-chance/chac1251_verbal_tree_count_bundles.pdf
wrote chac1251_verbal/counts-and-chance/chac1251_verbal_tree_count_all.pdf
wrote chac1251_verbal/counts-and-chance/chac1251_verbal_tree_count_without_adjacent.pdf
wrote chac1251_verbal/counts-and-chance/chac1251_verbal_fragmentation_test_plot.pdf
wrote chac1251_verbal/counts-and-chance/chac1251_verbal_span_placement_test_by_group_plot.pdf
wrote chac1251_verbal/counts-and-chance/chac1251_verbal_arbitrary_layers_test_by_group_plot.pdf
wrote chac1251_verbal/boundaries/chac1251_verbal_boundary_strength_test_jump_all.pdf
wrote chac1251_verbal/boundaries/chac1251_verbal_boundary_strength_test_level_all.pdf
wrote chac1251_verbal/boundaries/chac1251_verbal_boundary_strength_test_jump_morphosyntactic.pdf
wrote chac1251_verbal/boundaries/chac1251_verbal_boundary_strength_test_level_morphosyntactic.pdf
wrote chac1251_verbal/boundaries/chac1251_verbal_boundary_strength_test_jump_phonological.pdf
wrote chac1251_verbal/boundaries/chac1251_verbal_boundary_strength_test_level_phonological.pdf
wrote chac1251_verbal/boundaries/chac1251_verbal_boundary_strength_test_jump_indeterminate.pdf
wrote chac1251_verbal/boundaries/chac1251_verbal_boundary_strength_test_level_indeterminate.pdf
wrote chac1251_verbal/boundaries/chac1251_verbal_boundary_strength_test_jump_morsyn_indet.pdf
wrote chac1251_verbal/boundaries/chac1251_verbal_boundary_strength_test_level_morsyn_indet.pdf
wrote chac1251_verbal/boundaries/chac1251_verbal_boundary_strength.pdf
wrote chac1251_verbal/boundaries/chac1251_verbal_boundary_strength_distributions.pdf
wrote chac1251_verbal/boundaries/chac1251_verbal_boundary_strength_overlay.pdf
91 files for 91 of 91 charts; manifest: results/chac1251_verbal_planarsviz_manifest.tsv
Render finished in 52 s.

Bundle: results/chart_data/chac1251_verbal/   Charts: results/chac1251_verbal/

[batch] exit code 0 after 225 s
