$ /Users/jcgood/gitrepos/planars/NonCollaborative/../.venv/bin/python scripts/planarsviz_language.py cher1273_verbal --apply
Dataset cher1273_verbal
  language_name  Oklahoma Cherokee (verbal)       from planar_tables/ccdb_cher1273_verbal.json
  groupings      ccdb                             from planar_tables/ccdb_cher1273_verbal.json
  root_position  12                               from planar_tables/ccdb_cher1273_verbal.json
  planar_type    verbal                           from planar_tables/ccdb_cher1273_verbal.json
  forest_axis    planar                           from planar_tables/ccdb_cher1273_verbal.json
  permutations   5000                             all four tests

== Export ==
/Users/jcgood/gitrepos/planars/.venv/bin/python scripts/analysis/export_planarsviz_data.py --domain-file domains/domains_cher1273_verbal.tsv --groupings ccdb --root-position 12 --language-name 'Oklahoma Cherokee (verbal)' --planar-type verbal --forest-axis planar --fragmentation-permutations 5000 --boundary-strength-test-permutations 5000 --span-placement-permutations 5000 --arbitrary-layers-permutations 5000
Exported planarsviz bundle: /Users/jcgood/gitrepos/planars/NonCollaborative/results/chart_data/cher1273_verbal
Export finished in 29 s.

== Render ==
Rscript scripts/render_planarsviz.R --bundle results/chart_data/cher1273_verbal --output results
wrote cher1273_verbal/pooled/cher1273_verbal_pooled_plot.pdf
wrote cher1273_verbal/pooled/cher1273_verbal_pooled_domainplot.pdf
wrote cher1273_verbal/pooled/cher1273_verbal_pooled_plot_indeterminate.pdf
wrote cher1273_verbal/pooled/cher1273_verbal_pooled_plot_indeterminate_global_layers.pdf
wrote cher1273_verbal/pooled/cher1273_verbal_pooled_plot_morphosyntactic.pdf
wrote cher1273_verbal/pooled/cher1273_verbal_pooled_plot_morphosyntactic_global_layers.pdf
wrote cher1273_verbal/pooled/cher1273_verbal_pooled_plot_phonological.pdf
wrote cher1273_verbal/pooled/cher1273_verbal_pooled_plot_phonological_global_layers.pdf
wrote cher1273_verbal/boundaries/cher1273_verbal_boundary_skyline.pdf
wrote cher1273_verbal/laminar-families/cher1273_verbal_spanchart.pdf
wrote cher1273_verbal/laminar-families/cher1273_verbal_morsyn_laminar_forest.pdf
wrote cher1273_verbal/laminar-families/cher1273_verbal_morsyn_tree_01.pdf
wrote cher1273_verbal/laminar-families/cher1273_verbal_morsyn_tree_02.pdf
wrote cher1273_verbal/laminar-families/cher1273_verbal_morsyn_tree_03.pdf
wrote cher1273_verbal/laminar-families/cher1273_verbal_phon_laminar_forest.pdf
wrote cher1273_verbal/laminar-families/cher1273_verbal_phon_tree_01.pdf
wrote cher1273_verbal/laminar-families/cher1273_verbal_phon_tree_02.pdf
wrote cher1273_verbal/laminar-families/cher1273_verbal_indet_laminar_forest.pdf
wrote cher1273_verbal/laminar-families/cher1273_verbal_indet_tree_01.pdf
wrote cher1273_verbal/laminar-families/cher1273_verbal_indet_tree_02.pdf
wrote cher1273_verbal/laminar-families/cher1273_verbal_indet_tree_03.pdf
wrote cher1273_verbal/laminar-families/cher1273_verbal_morsyn_indet_laminar_forest.pdf
wrote cher1273_verbal/laminar-families/cher1273_verbal_morsyn_indet_tree_01.pdf
wrote cher1273_verbal/laminar-families/cher1273_verbal_morsyn_indet_tree_02.pdf
wrote cher1273_verbal/laminar-families/cher1273_verbal_morsyn_indet_tree_03.pdf
wrote cher1273_verbal/laminar-families/cher1273_verbal_morsyn_indet_tree_04.pdf
wrote cher1273_verbal/laminar-families/cher1273_verbal_laminar_overlay.pdf
wrote cher1273_verbal/laminar-families/cher1273_verbal_laminar_overlay_legend.pdf
wrote cher1273_verbal/laminar-families/cher1273_verbal_all_families_labeled.pdf
wrote cher1273_verbal/laminar-families/cher1273_verbal_all_families_labeled_legend.pdf
wrote cher1273_verbal/laminar-families/cher1273_verbal_freqtree.pdf
wrote cher1273_verbal/laminar-families/cher1273_verbal_most_binary_tree.pdf
wrote cher1273_verbal/laminar-families/cher1273_verbal_exemplary_trees_1.pdf
wrote cher1273_verbal/laminar-families/cher1273_verbal_exemplary_trees_slide_1_tree.pdf
wrote cher1273_verbal/laminar-families/cher1273_verbal_exemplary_trees_slide_1_evidence.pdf
wrote cher1273_verbal/laminar-families/cher1273_verbal_exemplary_trees_2.pdf
wrote cher1273_verbal/laminar-families/cher1273_verbal_exemplary_trees_slide_2_tree.pdf
wrote cher1273_verbal/laminar-families/cher1273_verbal_exemplary_trees_slide_2_evidence.pdf
wrote cher1273_verbal/laminar-families/cher1273_verbal_exemplary_trees_3.pdf
wrote cher1273_verbal/laminar-families/cher1273_verbal_exemplary_trees_slide_3_tree.pdf
wrote cher1273_verbal/laminar-families/cher1273_verbal_exemplary_trees_slide_3_evidence.pdf
wrote cher1273_verbal/laminar-families/cher1273_verbal_exemplary_trees_4.pdf
wrote cher1273_verbal/laminar-families/cher1273_verbal_exemplary_trees_slide_4_tree.pdf
wrote cher1273_verbal/laminar-families/cher1273_verbal_exemplary_trees_slide_4_evidence.pdf
wrote cher1273_verbal/laminar-families/cher1273_verbal_exemplary_trees_5.pdf
wrote cher1273_verbal/laminar-families/cher1273_verbal_exemplary_trees_slide_5_tree.pdf
wrote cher1273_verbal/laminar-families/cher1273_verbal_exemplary_trees_slide_5_evidence.pdf
wrote cher1273_verbal/laminar-families/cher1273_verbal_exemplary_trees_6.pdf
wrote cher1273_verbal/laminar-families/cher1273_verbal_exemplary_trees_slide_6_tree.pdf
wrote cher1273_verbal/laminar-families/cher1273_verbal_exemplary_trees_slide_6_evidence.pdf
wrote cher1273_verbal/pooled/cher1273_verbal_forestspans_plot.pdf
wrote cher1273_verbal/counts-and-chance/cher1273_verbal_tree_count_by_class.pdf
wrote cher1273_verbal/counts-and-chance/cher1273_verbal_tree_count_bundles.pdf
wrote cher1273_verbal/counts-and-chance/cher1273_verbal_tree_count_all.pdf
wrote cher1273_verbal/counts-and-chance/cher1273_verbal_tree_count_without_adjacent.pdf
wrote cher1273_verbal/counts-and-chance/cher1273_verbal_fragmentation_test_plot.pdf
wrote cher1273_verbal/counts-and-chance/cher1273_verbal_span_placement_test_by_group_plot.pdf
wrote cher1273_verbal/counts-and-chance/cher1273_verbal_arbitrary_layers_test_by_group_plot.pdf
wrote cher1273_verbal/boundaries/cher1273_verbal_boundary_strength_test_jump_all.pdf
wrote cher1273_verbal/boundaries/cher1273_verbal_boundary_strength_test_level_all.pdf
wrote cher1273_verbal/boundaries/cher1273_verbal_boundary_strength_test_jump_morphosyntactic.pdf
wrote cher1273_verbal/boundaries/cher1273_verbal_boundary_strength_test_level_morphosyntactic.pdf
wrote cher1273_verbal/boundaries/cher1273_verbal_boundary_strength_test_jump_phonological.pdf
wrote cher1273_verbal/boundaries/cher1273_verbal_boundary_strength_test_level_phonological.pdf
wrote cher1273_verbal/boundaries/cher1273_verbal_boundary_strength_test_jump_indeterminate.pdf
wrote cher1273_verbal/boundaries/cher1273_verbal_boundary_strength_test_level_indeterminate.pdf
wrote cher1273_verbal/boundaries/cher1273_verbal_boundary_strength_test_jump_morsyn_indet.pdf
wrote cher1273_verbal/boundaries/cher1273_verbal_boundary_strength_test_level_morsyn_indet.pdf
wrote cher1273_verbal/boundaries/cher1273_verbal_boundary_strength.pdf
wrote cher1273_verbal/boundaries/cher1273_verbal_boundary_strength_distributions.pdf
wrote cher1273_verbal/boundaries/cher1273_verbal_boundary_strength_overlay.pdf
71 files for 71 of 71 charts; manifest: results/cher1273_verbal_planarsviz_manifest.tsv
Render finished in 34 s.

Bundle: results/chart_data/cher1273_verbal/   Charts: results/cher1273_verbal/

[batch] exit code 0 after 63 s
