$ /Users/jcgood/gitrepos/planars/NonCollaborative/../.venv/bin/python scripts/planarsviz_language.py dura0000_nominal --apply
Dataset dura0000_nominal
  language_name  San Martín Duraznos Mixtec (nominal) from planar_tables/ccdb_dura0000_nominal.json
  groupings      ccdb                             from planar_tables/ccdb_dura0000_nominal.json
  root_position  8                                from planar_tables/ccdb_dura0000_nominal.json
  planar_type    nominal                          from planar_tables/ccdb_dura0000_nominal.json
  permutations   5000                             all four tests

== Export ==
/Users/jcgood/gitrepos/planars/.venv/bin/python scripts/analysis/export_planarsviz_data.py --domain-file domains/domains_dura0000_nominal.tsv --groupings ccdb --root-position 8 --language-name 'San Martín Duraznos Mixtec (nominal)' --planar-type nominal --fragmentation-permutations 5000 --boundary-strength-test-permutations 5000 --span-placement-permutations 5000 --arbitrary-layers-permutations 5000
Exported planarsviz bundle: /Users/jcgood/gitrepos/planars/NonCollaborative/results/chart_data/dura0000_nominal
Export finished in 16 s.

== Render ==
Rscript scripts/render_planarsviz.R --bundle results/chart_data/dura0000_nominal --output results
wrote dura0000_nominal/pooled/dura0000_nominal_pooled_plot.pdf
wrote dura0000_nominal/pooled/dura0000_nominal_pooled_domainplot.pdf
wrote dura0000_nominal/pooled/dura0000_nominal_pooled_plot_indeterminate.pdf
wrote dura0000_nominal/pooled/dura0000_nominal_pooled_plot_indeterminate_global_layers.pdf
wrote dura0000_nominal/pooled/dura0000_nominal_pooled_plot_morphosyntactic.pdf
wrote dura0000_nominal/pooled/dura0000_nominal_pooled_plot_morphosyntactic_global_layers.pdf
wrote dura0000_nominal/pooled/dura0000_nominal_pooled_plot_phonological.pdf
wrote dura0000_nominal/pooled/dura0000_nominal_pooled_plot_phonological_global_layers.pdf
wrote dura0000_nominal/boundaries/dura0000_nominal_boundary_skyline.pdf
wrote dura0000_nominal/laminar-families/dura0000_nominal_spanchart.pdf
wrote dura0000_nominal/laminar-families/dura0000_nominal_morsyn_laminar_forest.pdf
wrote dura0000_nominal/laminar-families/dura0000_nominal_morsyn_tree_01.pdf
wrote dura0000_nominal/laminar-families/dura0000_nominal_morsyn_tree_02.pdf
wrote dura0000_nominal/laminar-families/dura0000_nominal_morsyn_tree_03.pdf
wrote dura0000_nominal/laminar-families/dura0000_nominal_phon_laminar_forest.pdf
wrote dura0000_nominal/laminar-families/dura0000_nominal_phon_tree_01.pdf
wrote dura0000_nominal/laminar-families/dura0000_nominal_phon_tree_02.pdf
wrote dura0000_nominal/laminar-families/dura0000_nominal_indet_laminar_forest.pdf
wrote dura0000_nominal/laminar-families/dura0000_nominal_indet_tree_01.pdf
wrote dura0000_nominal/laminar-families/dura0000_nominal_morsyn_indet_laminar_forest.pdf
wrote dura0000_nominal/laminar-families/dura0000_nominal_morsyn_indet_tree_01.pdf
wrote dura0000_nominal/laminar-families/dura0000_nominal_morsyn_indet_tree_02.pdf
wrote dura0000_nominal/laminar-families/dura0000_nominal_morsyn_indet_tree_03.pdf
wrote dura0000_nominal/laminar-families/dura0000_nominal_laminar_overlay.pdf
wrote dura0000_nominal/laminar-families/dura0000_nominal_laminar_overlay_legend.pdf
wrote dura0000_nominal/laminar-families/dura0000_nominal_all_families_labeled.pdf
wrote dura0000_nominal/laminar-families/dura0000_nominal_all_families_labeled_legend.pdf
wrote dura0000_nominal/laminar-families/dura0000_nominal_freqtree.pdf
wrote dura0000_nominal/laminar-families/dura0000_nominal_most_binary_tree.pdf
wrote dura0000_nominal/laminar-families/dura0000_nominal_exemplary_trees_1.pdf
wrote dura0000_nominal/laminar-families/dura0000_nominal_exemplary_trees_slide_1_tree.pdf
wrote dura0000_nominal/laminar-families/dura0000_nominal_exemplary_trees_slide_1_evidence.pdf
wrote dura0000_nominal/laminar-families/dura0000_nominal_exemplary_trees_2.pdf
wrote dura0000_nominal/laminar-families/dura0000_nominal_exemplary_trees_slide_2_tree.pdf
wrote dura0000_nominal/laminar-families/dura0000_nominal_exemplary_trees_slide_2_evidence.pdf
wrote dura0000_nominal/laminar-families/dura0000_nominal_exemplary_trees_3.pdf
wrote dura0000_nominal/laminar-families/dura0000_nominal_exemplary_trees_slide_3_tree.pdf
wrote dura0000_nominal/laminar-families/dura0000_nominal_exemplary_trees_slide_3_evidence.pdf
wrote dura0000_nominal/laminar-families/dura0000_nominal_exemplary_trees_4.pdf
wrote dura0000_nominal/laminar-families/dura0000_nominal_exemplary_trees_slide_4_tree.pdf
wrote dura0000_nominal/laminar-families/dura0000_nominal_exemplary_trees_slide_4_evidence.pdf
wrote dura0000_nominal/laminar-families/dura0000_nominal_exemplary_trees_5.pdf
wrote dura0000_nominal/laminar-families/dura0000_nominal_exemplary_trees_slide_5_tree.pdf
wrote dura0000_nominal/laminar-families/dura0000_nominal_exemplary_trees_slide_5_evidence.pdf
wrote dura0000_nominal/pooled/dura0000_nominal_forestspans_plot.pdf
wrote dura0000_nominal/counts-and-chance/dura0000_nominal_tree_count_by_class.pdf
wrote dura0000_nominal/counts-and-chance/dura0000_nominal_tree_count_bundles.pdf
wrote dura0000_nominal/counts-and-chance/dura0000_nominal_tree_count_all.pdf
wrote dura0000_nominal/counts-and-chance/dura0000_nominal_tree_count_without_adjacent.pdf
wrote dura0000_nominal/counts-and-chance/dura0000_nominal_fragmentation_test_plot.pdf
wrote dura0000_nominal/counts-and-chance/dura0000_nominal_span_placement_test_by_group_plot.pdf
wrote dura0000_nominal/counts-and-chance/dura0000_nominal_arbitrary_layers_test_by_group_plot.pdf
wrote dura0000_nominal/boundaries/dura0000_nominal_boundary_strength_test_jump_all.pdf
wrote dura0000_nominal/boundaries/dura0000_nominal_boundary_strength_test_level_all.pdf
wrote dura0000_nominal/boundaries/dura0000_nominal_boundary_strength_test_jump_morphosyntactic.pdf
wrote dura0000_nominal/boundaries/dura0000_nominal_boundary_strength_test_level_morphosyntactic.pdf
wrote dura0000_nominal/boundaries/dura0000_nominal_boundary_strength_test_jump_phonological.pdf
wrote dura0000_nominal/boundaries/dura0000_nominal_boundary_strength_test_level_phonological.pdf
wrote dura0000_nominal/boundaries/dura0000_nominal_boundary_strength_test_jump_indeterminate.pdf
wrote dura0000_nominal/boundaries/dura0000_nominal_boundary_strength_test_level_indeterminate.pdf
wrote dura0000_nominal/boundaries/dura0000_nominal_boundary_strength_test_jump_morsyn_indet.pdf
wrote dura0000_nominal/boundaries/dura0000_nominal_boundary_strength_test_level_morsyn_indet.pdf
wrote dura0000_nominal/boundaries/dura0000_nominal_boundary_strength.pdf
wrote dura0000_nominal/boundaries/dura0000_nominal_boundary_strength_distributions.pdf
wrote dura0000_nominal/boundaries/dura0000_nominal_boundary_strength_overlay.pdf
65 files for 65 of 65 charts; manifest: results/dura0000_nominal_planarsviz_manifest.tsv
Render finished in 27 s.

Bundle: results/chart_data/dura0000_nominal/   Charts: results/dura0000_nominal/

[batch] exit code 0 after 44 s
