$ /Users/jcgood/gitrepos/planars/NonCollaborative/../.venv/bin/python scripts/planarsviz_language.py dura0000_verbal --apply
Dataset dura0000_verbal
  language_name  San Martín Duraznos Mixtec (verbal) from planar_tables/ccdb_dura0000_verbal.json
  groupings      ccdb                             from planar_tables/ccdb_dura0000_verbal.json
  root_position  17                               from planar_tables/ccdb_dura0000_verbal.json
  planar_type    verbal                           from planar_tables/ccdb_dura0000_verbal.json
  forest_axis    planar                           from planar_tables/ccdb_dura0000_verbal.json
  permutations   5000                             all four tests

== Export ==
/Users/jcgood/gitrepos/planars/.venv/bin/python scripts/analysis/export_planarsviz_data.py --domain-file domains/domains_dura0000_verbal.tsv --groupings ccdb --root-position 17 --language-name 'San Martín Duraznos Mixtec (verbal)' --planar-type verbal --forest-axis planar --fragmentation-permutations 5000 --boundary-strength-test-permutations 5000 --span-placement-permutations 5000 --arbitrary-layers-permutations 5000
Exported planarsviz bundle: /Users/jcgood/gitrepos/planars/NonCollaborative/results/chart_data/dura0000_verbal
Export finished in 93 s.

== Render ==
Rscript scripts/render_planarsviz.R --bundle results/chart_data/dura0000_verbal --output results
wrote dura0000_verbal/pooled/dura0000_verbal_pooled_plot.pdf
wrote dura0000_verbal/pooled/dura0000_verbal_pooled_domainplot.pdf
wrote dura0000_verbal/pooled/dura0000_verbal_pooled_plot_indeterminate.pdf
wrote dura0000_verbal/pooled/dura0000_verbal_pooled_plot_indeterminate_global_layers.pdf
wrote dura0000_verbal/pooled/dura0000_verbal_pooled_plot_morphosyntactic.pdf
wrote dura0000_verbal/pooled/dura0000_verbal_pooled_plot_morphosyntactic_global_layers.pdf
wrote dura0000_verbal/pooled/dura0000_verbal_pooled_plot_phonological.pdf
wrote dura0000_verbal/pooled/dura0000_verbal_pooled_plot_phonological_global_layers.pdf
wrote dura0000_verbal/boundaries/dura0000_verbal_boundary_skyline.pdf
wrote dura0000_verbal/laminar-families/dura0000_verbal_spanchart.pdf
wrote dura0000_verbal/laminar-families/dura0000_verbal_morsyn_laminar_forest.pdf
wrote dura0000_verbal/laminar-families/dura0000_verbal_morsyn_tree_01.pdf
wrote dura0000_verbal/laminar-families/dura0000_verbal_morsyn_tree_02.pdf
wrote dura0000_verbal/laminar-families/dura0000_verbal_morsyn_tree_03.pdf
wrote dura0000_verbal/laminar-families/dura0000_verbal_morsyn_tree_04.pdf
wrote dura0000_verbal/laminar-families/dura0000_verbal_morsyn_tree_05.pdf
wrote dura0000_verbal/laminar-families/dura0000_verbal_phon_laminar_forest.pdf
wrote dura0000_verbal/laminar-families/dura0000_verbal_phon_tree_01.pdf
wrote dura0000_verbal/laminar-families/dura0000_verbal_phon_tree_02.pdf
wrote dura0000_verbal/laminar-families/dura0000_verbal_phon_tree_03.pdf
wrote dura0000_verbal/laminar-families/dura0000_verbal_phon_tree_04.pdf
wrote dura0000_verbal/laminar-families/dura0000_verbal_indet_laminar_forest.pdf
wrote dura0000_verbal/laminar-families/dura0000_verbal_indet_tree_01.pdf
wrote dura0000_verbal/laminar-families/dura0000_verbal_indet_tree_02.pdf
wrote dura0000_verbal/laminar-families/dura0000_verbal_morsyn_indet_laminar_forest.pdf
wrote dura0000_verbal/laminar-families/dura0000_verbal_morsyn_indet_tree_01.pdf
wrote dura0000_verbal/laminar-families/dura0000_verbal_morsyn_indet_tree_02.pdf
wrote dura0000_verbal/laminar-families/dura0000_verbal_morsyn_indet_tree_03.pdf
wrote dura0000_verbal/laminar-families/dura0000_verbal_morsyn_indet_tree_04.pdf
wrote dura0000_verbal/laminar-families/dura0000_verbal_morsyn_indet_tree_05.pdf
wrote dura0000_verbal/laminar-families/dura0000_verbal_morsyn_indet_tree_06.pdf
wrote dura0000_verbal/laminar-families/dura0000_verbal_morsyn_indet_tree_07.pdf
wrote dura0000_verbal/laminar-families/dura0000_verbal_morsyn_indet_tree_08.pdf
wrote dura0000_verbal/laminar-families/dura0000_verbal_morsyn_indet_tree_09.pdf
wrote dura0000_verbal/laminar-families/dura0000_verbal_morsyn_indet_tree_10.pdf
wrote dura0000_verbal/laminar-families/dura0000_verbal_morsyn_indet_tree_11.pdf
wrote dura0000_verbal/laminar-families/dura0000_verbal_morsyn_indet_tree_12.pdf
wrote dura0000_verbal/laminar-families/dura0000_verbal_morsyn_indet_tree_13.pdf
wrote dura0000_verbal/laminar-families/dura0000_verbal_morsyn_indet_tree_14.pdf
wrote dura0000_verbal/laminar-families/dura0000_verbal_morsyn_indet_tree_15.pdf
wrote dura0000_verbal/laminar-families/dura0000_verbal_morsyn_indet_tree_16.pdf
wrote dura0000_verbal/laminar-families/dura0000_verbal_morsyn_indet_tree_17.pdf
wrote dura0000_verbal/laminar-families/dura0000_verbal_laminar_overlay.pdf
wrote dura0000_verbal/laminar-families/dura0000_verbal_laminar_overlay_legend.pdf
wrote dura0000_verbal/laminar-families/dura0000_verbal_all_families_labeled.pdf
wrote dura0000_verbal/laminar-families/dura0000_verbal_all_families_labeled_legend.pdf
wrote dura0000_verbal/laminar-families/dura0000_verbal_freqtree.pdf
wrote dura0000_verbal/laminar-families/dura0000_verbal_most_binary_tree.pdf
wrote dura0000_verbal/laminar-families/dura0000_verbal_exemplary_trees_1.pdf
wrote dura0000_verbal/laminar-families/dura0000_verbal_exemplary_trees_slide_1_tree.pdf
wrote dura0000_verbal/laminar-families/dura0000_verbal_exemplary_trees_slide_1_evidence.pdf
wrote dura0000_verbal/laminar-families/dura0000_verbal_exemplary_trees_2.pdf
wrote dura0000_verbal/laminar-families/dura0000_verbal_exemplary_trees_slide_2_tree.pdf
wrote dura0000_verbal/laminar-families/dura0000_verbal_exemplary_trees_slide_2_evidence.pdf
wrote dura0000_verbal/laminar-families/dura0000_verbal_exemplary_trees_3.pdf
wrote dura0000_verbal/laminar-families/dura0000_verbal_exemplary_trees_slide_3_tree.pdf
wrote dura0000_verbal/laminar-families/dura0000_verbal_exemplary_trees_slide_3_evidence.pdf
wrote dura0000_verbal/laminar-families/dura0000_verbal_exemplary_trees_4.pdf
wrote dura0000_verbal/laminar-families/dura0000_verbal_exemplary_trees_slide_4_tree.pdf
wrote dura0000_verbal/laminar-families/dura0000_verbal_exemplary_trees_slide_4_evidence.pdf
wrote dura0000_verbal/laminar-families/dura0000_verbal_exemplary_trees_5.pdf
wrote dura0000_verbal/laminar-families/dura0000_verbal_exemplary_trees_slide_5_tree.pdf
wrote dura0000_verbal/laminar-families/dura0000_verbal_exemplary_trees_slide_5_evidence.pdf
wrote dura0000_verbal/laminar-families/dura0000_verbal_exemplary_trees_6.pdf
wrote dura0000_verbal/laminar-families/dura0000_verbal_exemplary_trees_slide_6_tree.pdf
wrote dura0000_verbal/laminar-families/dura0000_verbal_exemplary_trees_slide_6_evidence.pdf
wrote dura0000_verbal/laminar-families/dura0000_verbal_exemplary_trees_7.pdf
wrote dura0000_verbal/laminar-families/dura0000_verbal_exemplary_trees_slide_7_tree.pdf
wrote dura0000_verbal/laminar-families/dura0000_verbal_exemplary_trees_slide_7_evidence.pdf
wrote dura0000_verbal/pooled/dura0000_verbal_forestspans_plot.pdf
wrote dura0000_verbal/counts-and-chance/dura0000_verbal_tree_count_by_class.pdf
wrote dura0000_verbal/counts-and-chance/dura0000_verbal_tree_count_bundles.pdf
wrote dura0000_verbal/counts-and-chance/dura0000_verbal_tree_count_all.pdf
wrote dura0000_verbal/counts-and-chance/dura0000_verbal_tree_count_without_adjacent.pdf
wrote dura0000_verbal/counts-and-chance/dura0000_verbal_fragmentation_test_plot.pdf
wrote dura0000_verbal/counts-and-chance/dura0000_verbal_span_placement_test_by_group_plot.pdf
wrote dura0000_verbal/counts-and-chance/dura0000_verbal_arbitrary_layers_test_by_group_plot.pdf
wrote dura0000_verbal/boundaries/dura0000_verbal_boundary_strength_test_jump_all.pdf
wrote dura0000_verbal/boundaries/dura0000_verbal_boundary_strength_test_level_all.pdf
wrote dura0000_verbal/boundaries/dura0000_verbal_boundary_strength_test_jump_morphosyntactic.pdf
wrote dura0000_verbal/boundaries/dura0000_verbal_boundary_strength_test_level_morphosyntactic.pdf
wrote dura0000_verbal/boundaries/dura0000_verbal_boundary_strength_test_jump_phonological.pdf
wrote dura0000_verbal/boundaries/dura0000_verbal_boundary_strength_test_level_phonological.pdf
wrote dura0000_verbal/boundaries/dura0000_verbal_boundary_strength_test_jump_indeterminate.pdf
wrote dura0000_verbal/boundaries/dura0000_verbal_boundary_strength_test_level_indeterminate.pdf
wrote dura0000_verbal/boundaries/dura0000_verbal_boundary_strength_test_jump_morsyn_indet.pdf
wrote dura0000_verbal/boundaries/dura0000_verbal_boundary_strength_test_level_morsyn_indet.pdf
wrote dura0000_verbal/boundaries/dura0000_verbal_boundary_strength.pdf
wrote dura0000_verbal/boundaries/dura0000_verbal_boundary_strength_distributions.pdf
wrote dura0000_verbal/boundaries/dura0000_verbal_boundary_strength_overlay.pdf
90 files for 90 of 90 charts; manifest: results/dura0000_verbal_planarsviz_manifest.tsv
Render finished in 49 s.

Bundle: results/chart_data/dura0000_verbal/   Charts: results/dura0000_verbal/

[batch] exit code 0 after 142 s
