$ /Users/jcgood/gitrepos/planars/NonCollaborative/../.venv/bin/python scripts/planarsviz_language.py kiow1266_verbal --apply
Dataset kiow1266_verbal
  language_name  Kiowa (verbal)                   from planar_tables/ccdb_kiow1266_verbal.json
  groupings      ccdb                             from planar_tables/ccdb_kiow1266_verbal.json
  root_position  29                               from planar_tables/ccdb_kiow1266_verbal.json
  planar_type    verbal                           from planar_tables/ccdb_kiow1266_verbal.json
  permutations   5000                             all four tests

== Export ==
/Users/jcgood/gitrepos/planars/.venv/bin/python scripts/analysis/export_planarsviz_data.py --domain-file domains/domains_kiow1266_verbal.tsv --groupings ccdb --root-position 29 --language-name 'Kiowa (verbal)' --planar-type verbal --fragmentation-permutations 5000 --boundary-strength-test-permutations 5000 --span-placement-permutations 5000 --arbitrary-layers-permutations 5000
Exported planarsviz bundle: /Users/jcgood/gitrepos/planars/NonCollaborative/results/chart_data/kiow1266_verbal
Export finished in 23 s.

== Render ==
Rscript scripts/render_planarsviz.R --bundle results/chart_data/kiow1266_verbal --output results
wrote kiow1266_verbal/pooled/kiow1266_verbal_pooled_plot.pdf
wrote kiow1266_verbal/pooled/kiow1266_verbal_pooled_domainplot.pdf
wrote kiow1266_verbal/pooled/kiow1266_verbal_pooled_plot_indeterminate.pdf
wrote kiow1266_verbal/pooled/kiow1266_verbal_pooled_plot_indeterminate_global_layers.pdf
wrote kiow1266_verbal/pooled/kiow1266_verbal_pooled_plot_morphosyntactic.pdf
wrote kiow1266_verbal/pooled/kiow1266_verbal_pooled_plot_morphosyntactic_global_layers.pdf
wrote kiow1266_verbal/pooled/kiow1266_verbal_pooled_plot_phonological.pdf
wrote kiow1266_verbal/pooled/kiow1266_verbal_pooled_plot_phonological_global_layers.pdf
wrote kiow1266_verbal/boundaries/kiow1266_verbal_boundary_skyline.pdf
wrote kiow1266_verbal/laminar-families/kiow1266_verbal_spanchart.pdf
wrote kiow1266_verbal/laminar-families/kiow1266_verbal_morsyn_laminar_forest.pdf
wrote kiow1266_verbal/laminar-families/kiow1266_verbal_morsyn_tree_01.pdf
wrote kiow1266_verbal/laminar-families/kiow1266_verbal_phon_laminar_forest.pdf
wrote kiow1266_verbal/laminar-families/kiow1266_verbal_phon_tree_01.pdf
wrote kiow1266_verbal/laminar-families/kiow1266_verbal_phon_tree_02.pdf
wrote kiow1266_verbal/laminar-families/kiow1266_verbal_phon_tree_03.pdf
wrote kiow1266_verbal/laminar-families/kiow1266_verbal_phon_tree_04.pdf
wrote kiow1266_verbal/laminar-families/kiow1266_verbal_indet_laminar_forest.pdf
wrote kiow1266_verbal/laminar-families/kiow1266_verbal_indet_tree_01.pdf
wrote kiow1266_verbal/laminar-families/kiow1266_verbal_indet_tree_02.pdf
wrote kiow1266_verbal/laminar-families/kiow1266_verbal_morsyn_indet_laminar_forest.pdf
wrote kiow1266_verbal/laminar-families/kiow1266_verbal_morsyn_indet_tree_01.pdf
wrote kiow1266_verbal/laminar-families/kiow1266_verbal_morsyn_indet_tree_02.pdf
wrote kiow1266_verbal/laminar-families/kiow1266_verbal_laminar_overlay.pdf
wrote kiow1266_verbal/laminar-families/kiow1266_verbal_laminar_overlay_legend.pdf
wrote kiow1266_verbal/laminar-families/kiow1266_verbal_all_families_labeled.pdf
wrote kiow1266_verbal/laminar-families/kiow1266_verbal_all_families_labeled_legend.pdf
wrote kiow1266_verbal/laminar-families/kiow1266_verbal_freqtree.pdf
wrote kiow1266_verbal/laminar-families/kiow1266_verbal_most_binary_tree.pdf
wrote kiow1266_verbal/laminar-families/kiow1266_verbal_exemplary_trees_1.pdf
wrote kiow1266_verbal/laminar-families/kiow1266_verbal_exemplary_trees_slide_1_tree.pdf
wrote kiow1266_verbal/laminar-families/kiow1266_verbal_exemplary_trees_slide_1_evidence.pdf
wrote kiow1266_verbal/laminar-families/kiow1266_verbal_exemplary_trees_2.pdf
wrote kiow1266_verbal/laminar-families/kiow1266_verbal_exemplary_trees_slide_2_tree.pdf
wrote kiow1266_verbal/laminar-families/kiow1266_verbal_exemplary_trees_slide_2_evidence.pdf
wrote kiow1266_verbal/laminar-families/kiow1266_verbal_exemplary_trees_3.pdf
wrote kiow1266_verbal/laminar-families/kiow1266_verbal_exemplary_trees_slide_3_tree.pdf
wrote kiow1266_verbal/laminar-families/kiow1266_verbal_exemplary_trees_slide_3_evidence.pdf
wrote kiow1266_verbal/laminar-families/kiow1266_verbal_exemplary_trees_4.pdf
wrote kiow1266_verbal/laminar-families/kiow1266_verbal_exemplary_trees_slide_4_tree.pdf
wrote kiow1266_verbal/laminar-families/kiow1266_verbal_exemplary_trees_slide_4_evidence.pdf
wrote kiow1266_verbal/laminar-families/kiow1266_verbal_exemplary_trees_5.pdf
wrote kiow1266_verbal/laminar-families/kiow1266_verbal_exemplary_trees_slide_5_tree.pdf
wrote kiow1266_verbal/laminar-families/kiow1266_verbal_exemplary_trees_slide_5_evidence.pdf
wrote kiow1266_verbal/pooled/kiow1266_verbal_forestspans_plot.pdf
wrote kiow1266_verbal/counts-and-chance/kiow1266_verbal_tree_count_by_class.pdf
wrote kiow1266_verbal/counts-and-chance/kiow1266_verbal_tree_count_bundles.pdf
wrote kiow1266_verbal/counts-and-chance/kiow1266_verbal_tree_count_all.pdf
wrote kiow1266_verbal/counts-and-chance/kiow1266_verbal_tree_count_without_adjacent.pdf
wrote kiow1266_verbal/counts-and-chance/kiow1266_verbal_fragmentation_test_plot.pdf
wrote kiow1266_verbal/counts-and-chance/kiow1266_verbal_span_placement_test_by_group_plot.pdf
wrote kiow1266_verbal/counts-and-chance/kiow1266_verbal_arbitrary_layers_test_by_group_plot.pdf
wrote kiow1266_verbal/boundaries/kiow1266_verbal_boundary_strength_test_jump_all.pdf
wrote kiow1266_verbal/boundaries/kiow1266_verbal_boundary_strength_test_level_all.pdf
wrote kiow1266_verbal/boundaries/kiow1266_verbal_boundary_strength_test_jump_morphosyntactic.pdf
wrote kiow1266_verbal/boundaries/kiow1266_verbal_boundary_strength_test_level_morphosyntactic.pdf
wrote kiow1266_verbal/boundaries/kiow1266_verbal_boundary_strength_test_jump_phonological.pdf
wrote kiow1266_verbal/boundaries/kiow1266_verbal_boundary_strength_test_level_phonological.pdf
wrote kiow1266_verbal/boundaries/kiow1266_verbal_boundary_strength_test_jump_indeterminate.pdf
wrote kiow1266_verbal/boundaries/kiow1266_verbal_boundary_strength_test_level_indeterminate.pdf
wrote kiow1266_verbal/boundaries/kiow1266_verbal_boundary_strength_test_jump_morsyn_indet.pdf
wrote kiow1266_verbal/boundaries/kiow1266_verbal_boundary_strength_test_level_morsyn_indet.pdf
wrote kiow1266_verbal/boundaries/kiow1266_verbal_boundary_strength.pdf
wrote kiow1266_verbal/boundaries/kiow1266_verbal_boundary_strength_distributions.pdf
wrote kiow1266_verbal/boundaries/kiow1266_verbal_boundary_strength_overlay.pdf
65 files for 65 of 65 charts; manifest: results/kiow1266_verbal_planarsviz_manifest.tsv
Render finished in 30 s.

Bundle: results/chart_data/kiow1266_verbal/   Charts: results/kiow1266_verbal/

[batch] exit code 0 after 53 s
