$ /Users/jcgood/gitrepos/planars/NonCollaborative/../.venv/bin/python scripts/planarsviz_language.py mart1259_verbal --apply
Dataset mart1259_verbal
  language_name  Martinican (verbal)              from planar_tables/ccdb_mart1259_verbal.json
  groupings      ccdb                             from planar_tables/ccdb_mart1259_verbal.json
  root_position  18                               from planar_tables/ccdb_mart1259_verbal.json
  planar_type    verbal                           from planar_tables/ccdb_mart1259_verbal.json
  forest_axis    planar                           from planar_tables/ccdb_mart1259_verbal.json
  permutations   5000                             all four tests

== Export ==
/Users/jcgood/gitrepos/planars/.venv/bin/python scripts/analysis/export_planarsviz_data.py --domain-file domains/domains_mart1259_verbal.tsv --groupings ccdb --root-position 18 --language-name 'Martinican (verbal)' --planar-type verbal --forest-axis planar --fragmentation-permutations 5000 --boundary-strength-test-permutations 5000 --span-placement-permutations 5000 --arbitrary-layers-permutations 5000
Exported planarsviz bundle: /Users/jcgood/gitrepos/planars/NonCollaborative/results/chart_data/mart1259_verbal
Export finished in 18 s.

== Render ==
Rscript scripts/render_planarsviz.R --bundle results/chart_data/mart1259_verbal --output results
wrote mart1259_verbal/pooled/mart1259_verbal_pooled_plot.pdf
wrote mart1259_verbal/pooled/mart1259_verbal_pooled_domainplot.pdf
wrote mart1259_verbal/pooled/mart1259_verbal_pooled_plot_indeterminate.pdf
wrote mart1259_verbal/pooled/mart1259_verbal_pooled_plot_indeterminate_global_layers.pdf
wrote mart1259_verbal/pooled/mart1259_verbal_pooled_plot_morphosyntactic.pdf
wrote mart1259_verbal/pooled/mart1259_verbal_pooled_plot_morphosyntactic_global_layers.pdf
wrote mart1259_verbal/pooled/mart1259_verbal_pooled_plot_phonological.pdf
wrote mart1259_verbal/pooled/mart1259_verbal_pooled_plot_phonological_global_layers.pdf
wrote mart1259_verbal/boundaries/mart1259_verbal_boundary_skyline.pdf
wrote mart1259_verbal/laminar-families/mart1259_verbal_spanchart.pdf
wrote mart1259_verbal/laminar-families/mart1259_verbal_morsyn_laminar_forest.pdf
wrote mart1259_verbal/laminar-families/mart1259_verbal_morsyn_tree_01.pdf
wrote mart1259_verbal/laminar-families/mart1259_verbal_morsyn_tree_02.pdf
wrote mart1259_verbal/laminar-families/mart1259_verbal_phon_laminar_forest.pdf
wrote mart1259_verbal/laminar-families/mart1259_verbal_phon_tree_01.pdf
wrote mart1259_verbal/laminar-families/mart1259_verbal_indet_laminar_forest.pdf
wrote mart1259_verbal/laminar-families/mart1259_verbal_indet_tree_01.pdf
wrote mart1259_verbal/laminar-families/mart1259_verbal_morsyn_indet_laminar_forest.pdf
wrote mart1259_verbal/laminar-families/mart1259_verbal_morsyn_indet_tree_01.pdf
wrote mart1259_verbal/laminar-families/mart1259_verbal_morsyn_indet_tree_02.pdf
wrote mart1259_verbal/laminar-families/mart1259_verbal_morsyn_indet_tree_03.pdf
wrote mart1259_verbal/laminar-families/mart1259_verbal_morsyn_indet_tree_04.pdf
wrote mart1259_verbal/laminar-families/mart1259_verbal_laminar_overlay.pdf
wrote mart1259_verbal/laminar-families/mart1259_verbal_laminar_overlay_legend.pdf
wrote mart1259_verbal/laminar-families/mart1259_verbal_all_families_labeled.pdf
wrote mart1259_verbal/laminar-families/mart1259_verbal_all_families_labeled_legend.pdf
wrote mart1259_verbal/laminar-families/mart1259_verbal_freqtree.pdf
wrote mart1259_verbal/laminar-families/mart1259_verbal_most_binary_tree.pdf
wrote mart1259_verbal/laminar-families/mart1259_verbal_exemplary_trees_1.pdf
wrote mart1259_verbal/laminar-families/mart1259_verbal_exemplary_trees_slide_1_tree.pdf
wrote mart1259_verbal/laminar-families/mart1259_verbal_exemplary_trees_slide_1_evidence.pdf
wrote mart1259_verbal/laminar-families/mart1259_verbal_exemplary_trees_2.pdf
wrote mart1259_verbal/laminar-families/mart1259_verbal_exemplary_trees_slide_2_tree.pdf
wrote mart1259_verbal/laminar-families/mart1259_verbal_exemplary_trees_slide_2_evidence.pdf
wrote mart1259_verbal/laminar-families/mart1259_verbal_exemplary_trees_3.pdf
wrote mart1259_verbal/laminar-families/mart1259_verbal_exemplary_trees_slide_3_tree.pdf
wrote mart1259_verbal/laminar-families/mart1259_verbal_exemplary_trees_slide_3_evidence.pdf
wrote mart1259_verbal/laminar-families/mart1259_verbal_exemplary_trees_4.pdf
wrote mart1259_verbal/laminar-families/mart1259_verbal_exemplary_trees_slide_4_tree.pdf
wrote mart1259_verbal/laminar-families/mart1259_verbal_exemplary_trees_slide_4_evidence.pdf
wrote mart1259_verbal/pooled/mart1259_verbal_forestspans_plot.pdf
wrote mart1259_verbal/counts-and-chance/mart1259_verbal_tree_count_by_class.pdf
wrote mart1259_verbal/counts-and-chance/mart1259_verbal_tree_count_bundles.pdf
wrote mart1259_verbal/counts-and-chance/mart1259_verbal_tree_count_all.pdf
wrote mart1259_verbal/counts-and-chance/mart1259_verbal_tree_count_without_adjacent.pdf
wrote mart1259_verbal/counts-and-chance/mart1259_verbal_fragmentation_test_plot.pdf
wrote mart1259_verbal/counts-and-chance/mart1259_verbal_span_placement_test_by_group_plot.pdf
wrote mart1259_verbal/counts-and-chance/mart1259_verbal_arbitrary_layers_test_by_group_plot.pdf
wrote mart1259_verbal/boundaries/mart1259_verbal_boundary_strength_test_jump_all.pdf
wrote mart1259_verbal/boundaries/mart1259_verbal_boundary_strength_test_level_all.pdf
wrote mart1259_verbal/boundaries/mart1259_verbal_boundary_strength_test_jump_morphosyntactic.pdf
wrote mart1259_verbal/boundaries/mart1259_verbal_boundary_strength_test_level_morphosyntactic.pdf
wrote mart1259_verbal/boundaries/mart1259_verbal_boundary_strength_test_jump_phonological.pdf
wrote mart1259_verbal/boundaries/mart1259_verbal_boundary_strength_test_level_phonological.pdf
wrote mart1259_verbal/boundaries/mart1259_verbal_boundary_strength_test_jump_indeterminate.pdf
wrote mart1259_verbal/boundaries/mart1259_verbal_boundary_strength_test_level_indeterminate.pdf
wrote mart1259_verbal/boundaries/mart1259_verbal_boundary_strength_test_jump_morsyn_indet.pdf
wrote mart1259_verbal/boundaries/mart1259_verbal_boundary_strength_test_level_morsyn_indet.pdf
wrote mart1259_verbal/boundaries/mart1259_verbal_boundary_strength.pdf
wrote mart1259_verbal/boundaries/mart1259_verbal_boundary_strength_distributions.pdf
wrote mart1259_verbal/boundaries/mart1259_verbal_boundary_strength_overlay.pdf
61 files for 61 of 61 charts; manifest: results/mart1259_verbal_planarsviz_manifest.tsv
Render finished in 28 s.

Bundle: results/chart_data/mart1259_verbal/   Charts: results/mart1259_verbal/

[batch] exit code 0 after 47 s
