$ /Users/jcgood/gitrepos/planars/NonCollaborative/../.venv/bin/python scripts/planarsviz_language.py moco1246_verbal --apply
Dataset moco1246_verbal
  language_name  Mocoví (verbal)                  from planar_tables/ccdb_moco1246_verbal.json
  groupings      ccdb                             from planar_tables/ccdb_moco1246_verbal.json
  root_position  7                                from planar_tables/ccdb_moco1246_verbal.json
  planar_type    verbal                           from planar_tables/ccdb_moco1246_verbal.json
  permutations   5000                             all four tests

== Export ==
/Users/jcgood/gitrepos/planars/.venv/bin/python scripts/analysis/export_planarsviz_data.py --domain-file domains/domains_moco1246_verbal.tsv --groupings ccdb --root-position 7 --language-name 'Mocoví (verbal)' --planar-type verbal --fragmentation-permutations 5000 --boundary-strength-test-permutations 5000 --span-placement-permutations 5000 --arbitrary-layers-permutations 5000
Exported planarsviz bundle: /Users/jcgood/gitrepos/planars/NonCollaborative/results/chart_data/moco1246_verbal
Export finished in 22 s.

== Render ==
Rscript scripts/render_planarsviz.R --bundle results/chart_data/moco1246_verbal --output results
wrote moco1246_verbal/pooled/moco1246_verbal_pooled_plot.pdf
wrote moco1246_verbal/pooled/moco1246_verbal_pooled_domainplot.pdf
wrote moco1246_verbal/pooled/moco1246_verbal_pooled_plot_indeterminate.pdf
wrote moco1246_verbal/pooled/moco1246_verbal_pooled_plot_indeterminate_global_layers.pdf
wrote moco1246_verbal/pooled/moco1246_verbal_pooled_plot_morphosyntactic.pdf
wrote moco1246_verbal/pooled/moco1246_verbal_pooled_plot_morphosyntactic_global_layers.pdf
wrote moco1246_verbal/pooled/moco1246_verbal_pooled_plot_phonological.pdf
wrote moco1246_verbal/pooled/moco1246_verbal_pooled_plot_phonological_global_layers.pdf
wrote moco1246_verbal/boundaries/moco1246_verbal_boundary_skyline.pdf
wrote moco1246_verbal/laminar-families/moco1246_verbal_spanchart.pdf
wrote moco1246_verbal/laminar-families/moco1246_verbal_morsyn_laminar_forest.pdf
wrote moco1246_verbal/laminar-families/moco1246_verbal_morsyn_tree_01.pdf
wrote moco1246_verbal/laminar-families/moco1246_verbal_morsyn_tree_02.pdf
wrote moco1246_verbal/laminar-families/moco1246_verbal_phon_laminar_forest.pdf
wrote moco1246_verbal/laminar-families/moco1246_verbal_phon_tree_01.pdf
wrote moco1246_verbal/laminar-families/moco1246_verbal_phon_tree_02.pdf
wrote moco1246_verbal/laminar-families/moco1246_verbal_phon_tree_03.pdf
wrote moco1246_verbal/laminar-families/moco1246_verbal_indet_laminar_forest.pdf
wrote moco1246_verbal/laminar-families/moco1246_verbal_indet_tree_01.pdf
wrote moco1246_verbal/laminar-families/moco1246_verbal_morsyn_indet_laminar_forest.pdf
wrote moco1246_verbal/laminar-families/moco1246_verbal_morsyn_indet_tree_01.pdf
wrote moco1246_verbal/laminar-families/moco1246_verbal_morsyn_indet_tree_02.pdf
wrote moco1246_verbal/laminar-families/moco1246_verbal_morsyn_indet_tree_03.pdf
wrote moco1246_verbal/laminar-families/moco1246_verbal_morsyn_indet_tree_04.pdf
wrote moco1246_verbal/laminar-families/moco1246_verbal_morsyn_indet_tree_05.pdf
wrote moco1246_verbal/laminar-families/moco1246_verbal_morsyn_indet_tree_06.pdf
wrote moco1246_verbal/laminar-families/moco1246_verbal_laminar_overlay.pdf
wrote moco1246_verbal/laminar-families/moco1246_verbal_laminar_overlay_legend.pdf
wrote moco1246_verbal/laminar-families/moco1246_verbal_all_families_labeled.pdf
wrote moco1246_verbal/laminar-families/moco1246_verbal_all_families_labeled_legend.pdf
wrote moco1246_verbal/laminar-families/moco1246_verbal_freqtree.pdf
wrote moco1246_verbal/laminar-families/moco1246_verbal_most_binary_tree.pdf
wrote moco1246_verbal/laminar-families/moco1246_verbal_exemplary_trees_1.pdf
wrote moco1246_verbal/laminar-families/moco1246_verbal_exemplary_trees_slide_1_tree.pdf
wrote moco1246_verbal/laminar-families/moco1246_verbal_exemplary_trees_slide_1_evidence.pdf
wrote moco1246_verbal/laminar-families/moco1246_verbal_exemplary_trees_2.pdf
wrote moco1246_verbal/laminar-families/moco1246_verbal_exemplary_trees_slide_2_tree.pdf
wrote moco1246_verbal/laminar-families/moco1246_verbal_exemplary_trees_slide_2_evidence.pdf
wrote moco1246_verbal/laminar-families/moco1246_verbal_exemplary_trees_3.pdf
wrote moco1246_verbal/laminar-families/moco1246_verbal_exemplary_trees_slide_3_tree.pdf
wrote moco1246_verbal/laminar-families/moco1246_verbal_exemplary_trees_slide_3_evidence.pdf
wrote moco1246_verbal/laminar-families/moco1246_verbal_exemplary_trees_4.pdf
wrote moco1246_verbal/laminar-families/moco1246_verbal_exemplary_trees_slide_4_tree.pdf
wrote moco1246_verbal/laminar-families/moco1246_verbal_exemplary_trees_slide_4_evidence.pdf
wrote moco1246_verbal/laminar-families/moco1246_verbal_exemplary_trees_5.pdf
wrote moco1246_verbal/laminar-families/moco1246_verbal_exemplary_trees_slide_5_tree.pdf
wrote moco1246_verbal/laminar-families/moco1246_verbal_exemplary_trees_slide_5_evidence.pdf
wrote moco1246_verbal/laminar-families/moco1246_verbal_exemplary_trees_6.pdf
wrote moco1246_verbal/laminar-families/moco1246_verbal_exemplary_trees_slide_6_tree.pdf
wrote moco1246_verbal/laminar-families/moco1246_verbal_exemplary_trees_slide_6_evidence.pdf
wrote moco1246_verbal/laminar-families/moco1246_verbal_exemplary_trees_7.pdf
wrote moco1246_verbal/laminar-families/moco1246_verbal_exemplary_trees_slide_7_tree.pdf
wrote moco1246_verbal/laminar-families/moco1246_verbal_exemplary_trees_slide_7_evidence.pdf
wrote moco1246_verbal/pooled/moco1246_verbal_forestspans_plot.pdf
wrote moco1246_verbal/counts-and-chance/moco1246_verbal_tree_count_by_class.pdf
wrote moco1246_verbal/counts-and-chance/moco1246_verbal_tree_count_bundles.pdf
wrote moco1246_verbal/counts-and-chance/moco1246_verbal_tree_count_all.pdf
wrote moco1246_verbal/counts-and-chance/moco1246_verbal_tree_count_without_adjacent.pdf
wrote moco1246_verbal/counts-and-chance/moco1246_verbal_fragmentation_test_plot.pdf
wrote moco1246_verbal/counts-and-chance/moco1246_verbal_span_placement_test_by_group_plot.pdf
wrote moco1246_verbal/counts-and-chance/moco1246_verbal_arbitrary_layers_test_by_group_plot.pdf
wrote moco1246_verbal/boundaries/moco1246_verbal_boundary_strength_test_jump_all.pdf
wrote moco1246_verbal/boundaries/moco1246_verbal_boundary_strength_test_level_all.pdf
wrote moco1246_verbal/boundaries/moco1246_verbal_boundary_strength_test_jump_morphosyntactic.pdf
wrote moco1246_verbal/boundaries/moco1246_verbal_boundary_strength_test_level_morphosyntactic.pdf
wrote moco1246_verbal/boundaries/moco1246_verbal_boundary_strength_test_jump_phonological.pdf
wrote moco1246_verbal/boundaries/moco1246_verbal_boundary_strength_test_level_phonological.pdf
wrote moco1246_verbal/boundaries/moco1246_verbal_boundary_strength_test_jump_indeterminate.pdf
wrote moco1246_verbal/boundaries/moco1246_verbal_boundary_strength_test_level_indeterminate.pdf
wrote moco1246_verbal/boundaries/moco1246_verbal_boundary_strength_test_jump_morsyn_indet.pdf
wrote moco1246_verbal/boundaries/moco1246_verbal_boundary_strength_test_level_morsyn_indet.pdf
wrote moco1246_verbal/boundaries/moco1246_verbal_boundary_strength.pdf
wrote moco1246_verbal/boundaries/moco1246_verbal_boundary_strength_distributions.pdf
wrote moco1246_verbal/boundaries/moco1246_verbal_boundary_strength_overlay.pdf
74 files for 74 of 74 charts; manifest: results/moco1246_verbal_planarsviz_manifest.tsv
Render finished in 31 s.

Bundle: results/chart_data/moco1246_verbal/   Charts: results/moco1246_verbal/

[batch] exit code 0 after 53 s
