$ /Users/jcgood/gitrepos/planars/NonCollaborative/../.venv/bin/python scripts/planarsviz_language.py sout2991_verbal --apply
Dataset sout2991_verbal
  language_name  South Bolivian Quechua (verbal)  from planar_tables/ccdb_sout2991_verbal.json
  groupings      ccdb                             from planar_tables/ccdb_sout2991_verbal.json
  root_position  12                               from planar_tables/ccdb_sout2991_verbal.json
  planar_type    verbal                           from planar_tables/ccdb_sout2991_verbal.json
  permutations   5000                             all four tests

== Export ==
/Users/jcgood/gitrepos/planars/.venv/bin/python scripts/analysis/export_planarsviz_data.py --domain-file domains/domains_sout2991_verbal.tsv --groupings ccdb --root-position 12 --language-name 'South Bolivian Quechua (verbal)' --planar-type verbal --fragmentation-permutations 5000 --boundary-strength-test-permutations 5000 --span-placement-permutations 5000 --arbitrary-layers-permutations 5000
Exported planarsviz bundle: /Users/jcgood/gitrepos/planars/NonCollaborative/results/chart_data/sout2991_verbal
Export finished in 43 s.

== Render ==
Rscript scripts/render_planarsviz.R --bundle results/chart_data/sout2991_verbal --output results
wrote sout2991_verbal/pooled/sout2991_verbal_pooled_plot.pdf
wrote sout2991_verbal/pooled/sout2991_verbal_pooled_domainplot.pdf
wrote sout2991_verbal/pooled/sout2991_verbal_pooled_plot_indeterminate.pdf
wrote sout2991_verbal/pooled/sout2991_verbal_pooled_plot_indeterminate_global_layers.pdf
wrote sout2991_verbal/pooled/sout2991_verbal_pooled_plot_morphosyntactic.pdf
wrote sout2991_verbal/pooled/sout2991_verbal_pooled_plot_morphosyntactic_global_layers.pdf
wrote sout2991_verbal/pooled/sout2991_verbal_pooled_plot_phonological.pdf
wrote sout2991_verbal/pooled/sout2991_verbal_pooled_plot_phonological_global_layers.pdf
wrote sout2991_verbal/boundaries/sout2991_verbal_boundary_skyline.pdf
wrote sout2991_verbal/laminar-families/sout2991_verbal_spanchart.pdf
wrote sout2991_verbal/laminar-families/sout2991_verbal_morsyn_laminar_forest.pdf
wrote sout2991_verbal/laminar-families/sout2991_verbal_morsyn_tree_01.pdf
wrote sout2991_verbal/laminar-families/sout2991_verbal_morsyn_tree_02.pdf
wrote sout2991_verbal/laminar-families/sout2991_verbal_phon_laminar_forest.pdf
wrote sout2991_verbal/laminar-families/sout2991_verbal_phon_tree_01.pdf
wrote sout2991_verbal/laminar-families/sout2991_verbal_phon_tree_02.pdf
wrote sout2991_verbal/laminar-families/sout2991_verbal_indet_laminar_forest.pdf
wrote sout2991_verbal/laminar-families/sout2991_verbal_indet_tree_01.pdf
wrote sout2991_verbal/laminar-families/sout2991_verbal_morsyn_indet_laminar_forest.pdf
wrote sout2991_verbal/laminar-families/sout2991_verbal_morsyn_indet_tree_01.pdf
wrote sout2991_verbal/laminar-families/sout2991_verbal_morsyn_indet_tree_02.pdf
wrote sout2991_verbal/laminar-families/sout2991_verbal_laminar_overlay.pdf
wrote sout2991_verbal/laminar-families/sout2991_verbal_laminar_overlay_legend.pdf
wrote sout2991_verbal/laminar-families/sout2991_verbal_all_families_labeled.pdf
wrote sout2991_verbal/laminar-families/sout2991_verbal_all_families_labeled_legend.pdf
wrote sout2991_verbal/laminar-families/sout2991_verbal_freqtree.pdf
wrote sout2991_verbal/laminar-families/sout2991_verbal_most_binary_tree.pdf
wrote sout2991_verbal/laminar-families/sout2991_verbal_exemplary_trees_1.pdf
wrote sout2991_verbal/laminar-families/sout2991_verbal_exemplary_trees_slide_1_tree.pdf
wrote sout2991_verbal/laminar-families/sout2991_verbal_exemplary_trees_slide_1_evidence.pdf
wrote sout2991_verbal/laminar-families/sout2991_verbal_exemplary_trees_2.pdf
wrote sout2991_verbal/laminar-families/sout2991_verbal_exemplary_trees_slide_2_tree.pdf
wrote sout2991_verbal/laminar-families/sout2991_verbal_exemplary_trees_slide_2_evidence.pdf
wrote sout2991_verbal/laminar-families/sout2991_verbal_exemplary_trees_3.pdf
wrote sout2991_verbal/laminar-families/sout2991_verbal_exemplary_trees_slide_3_tree.pdf
wrote sout2991_verbal/laminar-families/sout2991_verbal_exemplary_trees_slide_3_evidence.pdf
wrote sout2991_verbal/pooled/sout2991_verbal_forestspans_plot.pdf
wrote sout2991_verbal/counts-and-chance/sout2991_verbal_tree_count_by_class.pdf
wrote sout2991_verbal/counts-and-chance/sout2991_verbal_tree_count_bundles.pdf
wrote sout2991_verbal/counts-and-chance/sout2991_verbal_tree_count_all.pdf
wrote sout2991_verbal/counts-and-chance/sout2991_verbal_tree_count_without_adjacent.pdf
wrote sout2991_verbal/counts-and-chance/sout2991_verbal_fragmentation_test_plot.pdf
wrote sout2991_verbal/counts-and-chance/sout2991_verbal_span_placement_test_by_group_plot.pdf
wrote sout2991_verbal/counts-and-chance/sout2991_verbal_arbitrary_layers_test_by_group_plot.pdf
wrote sout2991_verbal/boundaries/sout2991_verbal_boundary_strength_test_jump_all.pdf
wrote sout2991_verbal/boundaries/sout2991_verbal_boundary_strength_test_level_all.pdf
wrote sout2991_verbal/boundaries/sout2991_verbal_boundary_strength_test_jump_morphosyntactic.pdf
wrote sout2991_verbal/boundaries/sout2991_verbal_boundary_strength_test_level_morphosyntactic.pdf
wrote sout2991_verbal/boundaries/sout2991_verbal_boundary_strength_test_jump_phonological.pdf
wrote sout2991_verbal/boundaries/sout2991_verbal_boundary_strength_test_level_phonological.pdf
wrote sout2991_verbal/boundaries/sout2991_verbal_boundary_strength_test_jump_indeterminate.pdf
wrote sout2991_verbal/boundaries/sout2991_verbal_boundary_strength_test_level_indeterminate.pdf
wrote sout2991_verbal/boundaries/sout2991_verbal_boundary_strength_test_jump_morsyn_indet.pdf
wrote sout2991_verbal/boundaries/sout2991_verbal_boundary_strength_test_level_morsyn_indet.pdf
wrote sout2991_verbal/boundaries/sout2991_verbal_boundary_strength.pdf
wrote sout2991_verbal/boundaries/sout2991_verbal_boundary_strength_distributions.pdf
wrote sout2991_verbal/boundaries/sout2991_verbal_boundary_strength_overlay.pdf
57 files for 57 of 57 charts; manifest: results/sout2991_verbal_planarsviz_manifest.tsv
Render finished in 26 s.

Bundle: results/chart_data/sout2991_verbal/   Charts: results/sout2991_verbal/

[batch] exit code 0 after 70 s
