$ /Users/jcgood/gitrepos/planars/NonCollaborative/../.venv/bin/python scripts/planarsviz_language.py teot1238_nominal --apply
Dataset teot1238_nominal
  language_name  Teotitlán del Valle Zapotec (nominal) from planar_tables/ccdb_teot1238_nominal.json
  groupings      ccdb                             from planar_tables/ccdb_teot1238_nominal.json
  root_position  8                                from planar_tables/ccdb_teot1238_nominal.json
  planar_type    nominal                          from planar_tables/ccdb_teot1238_nominal.json
  forest_axis    planar                           from planar_tables/ccdb_teot1238_nominal.json
  permutations   5000                             all four tests

== Export ==
/Users/jcgood/gitrepos/planars/.venv/bin/python scripts/analysis/export_planarsviz_data.py --domain-file domains/domains_teot1238_nominal.tsv --groupings ccdb --root-position 8 --language-name 'Teotitlán del Valle Zapotec (nominal)' --planar-type nominal --forest-axis planar --fragmentation-permutations 5000 --boundary-strength-test-permutations 5000 --span-placement-permutations 5000 --arbitrary-layers-permutations 5000
Exported planarsviz bundle: /Users/jcgood/gitrepos/planars/NonCollaborative/results/chart_data/teot1238_nominal
Export finished in 18 s.

== Render ==
Rscript scripts/render_planarsviz.R --bundle results/chart_data/teot1238_nominal --output results
wrote teot1238_nominal/pooled/teot1238_nominal_pooled_plot.pdf
wrote teot1238_nominal/pooled/teot1238_nominal_pooled_domainplot.pdf
wrote teot1238_nominal/pooled/teot1238_nominal_pooled_plot_indeterminate.pdf
wrote teot1238_nominal/pooled/teot1238_nominal_pooled_plot_indeterminate_global_layers.pdf
wrote teot1238_nominal/pooled/teot1238_nominal_pooled_plot_morphosyntactic.pdf
wrote teot1238_nominal/pooled/teot1238_nominal_pooled_plot_morphosyntactic_global_layers.pdf
wrote teot1238_nominal/pooled/teot1238_nominal_pooled_plot_phonological.pdf
wrote teot1238_nominal/pooled/teot1238_nominal_pooled_plot_phonological_global_layers.pdf
wrote teot1238_nominal/boundaries/teot1238_nominal_boundary_skyline.pdf
wrote teot1238_nominal/laminar-families/teot1238_nominal_spanchart.pdf
wrote teot1238_nominal/laminar-families/teot1238_nominal_morsyn_laminar_forest.pdf
wrote teot1238_nominal/laminar-families/teot1238_nominal_morsyn_tree_01.pdf
wrote teot1238_nominal/laminar-families/teot1238_nominal_morsyn_tree_02.pdf
wrote teot1238_nominal/laminar-families/teot1238_nominal_phon_laminar_forest.pdf
wrote teot1238_nominal/laminar-families/teot1238_nominal_phon_tree_01.pdf
wrote teot1238_nominal/laminar-families/teot1238_nominal_phon_tree_02.pdf
wrote teot1238_nominal/laminar-families/teot1238_nominal_phon_tree_03.pdf
wrote teot1238_nominal/laminar-families/teot1238_nominal_indet_laminar_forest.pdf
wrote teot1238_nominal/laminar-families/teot1238_nominal_indet_tree_01.pdf
wrote teot1238_nominal/laminar-families/teot1238_nominal_morsyn_indet_laminar_forest.pdf
wrote teot1238_nominal/laminar-families/teot1238_nominal_morsyn_indet_tree_01.pdf
wrote teot1238_nominal/laminar-families/teot1238_nominal_morsyn_indet_tree_02.pdf
wrote teot1238_nominal/laminar-families/teot1238_nominal_laminar_overlay.pdf
wrote teot1238_nominal/laminar-families/teot1238_nominal_laminar_overlay_legend.pdf
wrote teot1238_nominal/laminar-families/teot1238_nominal_all_families_labeled.pdf
wrote teot1238_nominal/laminar-families/teot1238_nominal_all_families_labeled_legend.pdf
wrote teot1238_nominal/laminar-families/teot1238_nominal_freqtree.pdf
wrote teot1238_nominal/laminar-families/teot1238_nominal_most_binary_tree.pdf
wrote teot1238_nominal/laminar-families/teot1238_nominal_exemplary_trees_1.pdf
wrote teot1238_nominal/laminar-families/teot1238_nominal_exemplary_trees_slide_1_tree.pdf
wrote teot1238_nominal/laminar-families/teot1238_nominal_exemplary_trees_slide_1_evidence.pdf
wrote teot1238_nominal/laminar-families/teot1238_nominal_exemplary_trees_2.pdf
wrote teot1238_nominal/laminar-families/teot1238_nominal_exemplary_trees_slide_2_tree.pdf
wrote teot1238_nominal/laminar-families/teot1238_nominal_exemplary_trees_slide_2_evidence.pdf
wrote teot1238_nominal/laminar-families/teot1238_nominal_exemplary_trees_3.pdf
wrote teot1238_nominal/laminar-families/teot1238_nominal_exemplary_trees_slide_3_tree.pdf
wrote teot1238_nominal/laminar-families/teot1238_nominal_exemplary_trees_slide_3_evidence.pdf
wrote teot1238_nominal/laminar-families/teot1238_nominal_exemplary_trees_4.pdf
wrote teot1238_nominal/laminar-families/teot1238_nominal_exemplary_trees_slide_4_tree.pdf
wrote teot1238_nominal/laminar-families/teot1238_nominal_exemplary_trees_slide_4_evidence.pdf
wrote teot1238_nominal/laminar-families/teot1238_nominal_exemplary_trees_5.pdf
wrote teot1238_nominal/laminar-families/teot1238_nominal_exemplary_trees_slide_5_tree.pdf
wrote teot1238_nominal/laminar-families/teot1238_nominal_exemplary_trees_slide_5_evidence.pdf
wrote teot1238_nominal/laminar-families/teot1238_nominal_exemplary_trees_6.pdf
wrote teot1238_nominal/laminar-families/teot1238_nominal_exemplary_trees_slide_6_tree.pdf
wrote teot1238_nominal/laminar-families/teot1238_nominal_exemplary_trees_slide_6_evidence.pdf
wrote teot1238_nominal/pooled/teot1238_nominal_forestspans_plot.pdf
wrote teot1238_nominal/counts-and-chance/teot1238_nominal_tree_count_by_class.pdf
wrote teot1238_nominal/counts-and-chance/teot1238_nominal_tree_count_bundles.pdf
wrote teot1238_nominal/counts-and-chance/teot1238_nominal_tree_count_all.pdf
wrote teot1238_nominal/counts-and-chance/teot1238_nominal_tree_count_without_adjacent.pdf
wrote teot1238_nominal/counts-and-chance/teot1238_nominal_fragmentation_test_plot.pdf
wrote teot1238_nominal/counts-and-chance/teot1238_nominal_span_placement_test_by_group_plot.pdf
wrote teot1238_nominal/counts-and-chance/teot1238_nominal_arbitrary_layers_test_by_group_plot.pdf
wrote teot1238_nominal/boundaries/teot1238_nominal_boundary_strength_test_jump_all.pdf
wrote teot1238_nominal/boundaries/teot1238_nominal_boundary_strength_test_level_all.pdf
wrote teot1238_nominal/boundaries/teot1238_nominal_boundary_strength_test_jump_morphosyntactic.pdf
wrote teot1238_nominal/boundaries/teot1238_nominal_boundary_strength_test_level_morphosyntactic.pdf
wrote teot1238_nominal/boundaries/teot1238_nominal_boundary_strength_test_jump_phonological.pdf
wrote teot1238_nominal/boundaries/teot1238_nominal_boundary_strength_test_level_phonological.pdf
wrote teot1238_nominal/boundaries/teot1238_nominal_boundary_strength_test_jump_indeterminate.pdf
wrote teot1238_nominal/boundaries/teot1238_nominal_boundary_strength_test_level_indeterminate.pdf
wrote teot1238_nominal/boundaries/teot1238_nominal_boundary_strength_test_jump_morsyn_indet.pdf
wrote teot1238_nominal/boundaries/teot1238_nominal_boundary_strength_test_level_morsyn_indet.pdf
wrote teot1238_nominal/boundaries/teot1238_nominal_boundary_strength.pdf
wrote teot1238_nominal/boundaries/teot1238_nominal_boundary_strength_distributions.pdf
wrote teot1238_nominal/boundaries/teot1238_nominal_boundary_strength_overlay.pdf
67 files for 67 of 67 charts; manifest: results/teot1238_nominal_planarsviz_manifest.tsv
Render finished in 29 s.

Bundle: results/chart_data/teot1238_nominal/   Charts: results/teot1238_nominal/

[batch] exit code 0 after 47 s
