$ /Users/jcgood/gitrepos/planars/NonCollaborative/../.venv/bin/python scripts/planarsviz_language.py zenz1235_verbal --apply
Dataset zenz1235_verbal
  language_name  Zenzontepec Chatino (verbal)     from planar_tables/ccdb_zenz1235_verbal.json
  groupings      ccdb                             from planar_tables/ccdb_zenz1235_verbal.json
  root_position  13                               from planar_tables/ccdb_zenz1235_verbal.json
  planar_type    verbal                           from planar_tables/ccdb_zenz1235_verbal.json
  permutations   5000                             all four tests

== Export ==
/Users/jcgood/gitrepos/planars/.venv/bin/python scripts/analysis/export_planarsviz_data.py --domain-file domains/domains_zenz1235_verbal.tsv --groupings ccdb --root-position 13 --language-name 'Zenzontepec Chatino (verbal)' --planar-type verbal --fragmentation-permutations 5000 --boundary-strength-test-permutations 5000 --span-placement-permutations 5000 --arbitrary-layers-permutations 5000
Exported planarsviz bundle: /Users/jcgood/gitrepos/planars/NonCollaborative/results/chart_data/zenz1235_verbal
Export finished in 19 s.

== Render ==
Rscript scripts/render_planarsviz.R --bundle results/chart_data/zenz1235_verbal --output results
wrote zenz1235_verbal/pooled/zenz1235_verbal_pooled_plot.pdf
wrote zenz1235_verbal/pooled/zenz1235_verbal_pooled_domainplot.pdf
wrote zenz1235_verbal/pooled/zenz1235_verbal_pooled_plot_indeterminate.pdf
wrote zenz1235_verbal/pooled/zenz1235_verbal_pooled_plot_indeterminate_global_layers.pdf
wrote zenz1235_verbal/pooled/zenz1235_verbal_pooled_plot_morphosyntactic.pdf
wrote zenz1235_verbal/pooled/zenz1235_verbal_pooled_plot_morphosyntactic_global_layers.pdf
wrote zenz1235_verbal/pooled/zenz1235_verbal_pooled_plot_phonological.pdf
wrote zenz1235_verbal/pooled/zenz1235_verbal_pooled_plot_phonological_global_layers.pdf
wrote zenz1235_verbal/boundaries/zenz1235_verbal_boundary_skyline.pdf
wrote zenz1235_verbal/laminar-families/zenz1235_verbal_spanchart.pdf
wrote zenz1235_verbal/laminar-families/zenz1235_verbal_morsyn_laminar_forest.pdf
wrote zenz1235_verbal/laminar-families/zenz1235_verbal_morsyn_tree_01.pdf
wrote zenz1235_verbal/laminar-families/zenz1235_verbal_phon_laminar_forest.pdf
wrote zenz1235_verbal/laminar-families/zenz1235_verbal_phon_tree_01.pdf
wrote zenz1235_verbal/laminar-families/zenz1235_verbal_phon_tree_02.pdf
wrote zenz1235_verbal/laminar-families/zenz1235_verbal_phon_tree_03.pdf
wrote zenz1235_verbal/laminar-families/zenz1235_verbal_indet_laminar_forest.pdf
wrote zenz1235_verbal/laminar-families/zenz1235_verbal_indet_tree_01.pdf
wrote zenz1235_verbal/laminar-families/zenz1235_verbal_indet_tree_02.pdf
wrote zenz1235_verbal/laminar-families/zenz1235_verbal_morsyn_indet_laminar_forest.pdf
wrote zenz1235_verbal/laminar-families/zenz1235_verbal_morsyn_indet_tree_01.pdf
wrote zenz1235_verbal/laminar-families/zenz1235_verbal_morsyn_indet_tree_02.pdf
wrote zenz1235_verbal/laminar-families/zenz1235_verbal_laminar_overlay.pdf
wrote zenz1235_verbal/laminar-families/zenz1235_verbal_laminar_overlay_legend.pdf
wrote zenz1235_verbal/laminar-families/zenz1235_verbal_all_families_labeled.pdf
wrote zenz1235_verbal/laminar-families/zenz1235_verbal_all_families_labeled_legend.pdf
wrote zenz1235_verbal/laminar-families/zenz1235_verbal_freqtree.pdf
wrote zenz1235_verbal/laminar-families/zenz1235_verbal_most_binary_tree.pdf
wrote zenz1235_verbal/laminar-families/zenz1235_verbal_exemplary_trees_1.pdf
wrote zenz1235_verbal/laminar-families/zenz1235_verbal_exemplary_trees_slide_1_tree.pdf
wrote zenz1235_verbal/laminar-families/zenz1235_verbal_exemplary_trees_slide_1_evidence.pdf
wrote zenz1235_verbal/laminar-families/zenz1235_verbal_exemplary_trees_2.pdf
wrote zenz1235_verbal/laminar-families/zenz1235_verbal_exemplary_trees_slide_2_tree.pdf
wrote zenz1235_verbal/laminar-families/zenz1235_verbal_exemplary_trees_slide_2_evidence.pdf
wrote zenz1235_verbal/laminar-families/zenz1235_verbal_exemplary_trees_3.pdf
wrote zenz1235_verbal/laminar-families/zenz1235_verbal_exemplary_trees_slide_3_tree.pdf
wrote zenz1235_verbal/laminar-families/zenz1235_verbal_exemplary_trees_slide_3_evidence.pdf
wrote zenz1235_verbal/laminar-families/zenz1235_verbal_exemplary_trees_4.pdf
wrote zenz1235_verbal/laminar-families/zenz1235_verbal_exemplary_trees_slide_4_tree.pdf
wrote zenz1235_verbal/laminar-families/zenz1235_verbal_exemplary_trees_slide_4_evidence.pdf
wrote zenz1235_verbal/laminar-families/zenz1235_verbal_exemplary_trees_5.pdf
wrote zenz1235_verbal/laminar-families/zenz1235_verbal_exemplary_trees_slide_5_tree.pdf
wrote zenz1235_verbal/laminar-families/zenz1235_verbal_exemplary_trees_slide_5_evidence.pdf
wrote zenz1235_verbal/pooled/zenz1235_verbal_forestspans_plot.pdf
wrote zenz1235_verbal/counts-and-chance/zenz1235_verbal_tree_count_by_class.pdf
wrote zenz1235_verbal/counts-and-chance/zenz1235_verbal_tree_count_bundles.pdf
wrote zenz1235_verbal/counts-and-chance/zenz1235_verbal_tree_count_all.pdf
wrote zenz1235_verbal/counts-and-chance/zenz1235_verbal_tree_count_without_adjacent.pdf
wrote zenz1235_verbal/counts-and-chance/zenz1235_verbal_fragmentation_test_plot.pdf
wrote zenz1235_verbal/counts-and-chance/zenz1235_verbal_span_placement_test_by_group_plot.pdf
wrote zenz1235_verbal/counts-and-chance/zenz1235_verbal_arbitrary_layers_test_by_group_plot.pdf
wrote zenz1235_verbal/boundaries/zenz1235_verbal_boundary_strength_test_jump_all.pdf
wrote zenz1235_verbal/boundaries/zenz1235_verbal_boundary_strength_test_level_all.pdf
wrote zenz1235_verbal/boundaries/zenz1235_verbal_boundary_strength_test_jump_morphosyntactic.pdf
wrote zenz1235_verbal/boundaries/zenz1235_verbal_boundary_strength_test_level_morphosyntactic.pdf
wrote zenz1235_verbal/boundaries/zenz1235_verbal_boundary_strength_test_jump_phonological.pdf
wrote zenz1235_verbal/boundaries/zenz1235_verbal_boundary_strength_test_level_phonological.pdf
wrote zenz1235_verbal/boundaries/zenz1235_verbal_boundary_strength_test_jump_indeterminate.pdf
wrote zenz1235_verbal/boundaries/zenz1235_verbal_boundary_strength_test_level_indeterminate.pdf
wrote zenz1235_verbal/boundaries/zenz1235_verbal_boundary_strength_test_jump_morsyn_indet.pdf
wrote zenz1235_verbal/boundaries/zenz1235_verbal_boundary_strength_test_level_morsyn_indet.pdf
wrote zenz1235_verbal/boundaries/zenz1235_verbal_boundary_strength.pdf
wrote zenz1235_verbal/boundaries/zenz1235_verbal_boundary_strength_distributions.pdf
wrote zenz1235_verbal/boundaries/zenz1235_verbal_boundary_strength_overlay.pdf
64 files for 64 of 64 charts; manifest: results/zenz1235_verbal_planarsviz_manifest.tsv
Render finished in 27 s.

Bundle: results/chart_data/zenz1235_verbal/   Charts: results/zenz1235_verbal/

[batch] exit code 0 after 46 s
